interactions:
- request:
    body: null
    headers:
      Accept: [application/json]
      Accept-Encoding: ['gzip, deflate']
      Connection: [keep-alive]
      Content-Length: ['0']
      Content-Type: [application/json; charset=utf-8]
      User-Agent: [python/3.6.4 (Linux-4.9.125-linuxkit-x86_64-with) msrest/0.6.2
          msrest_azure/0.6.0 azure-mgmt-storage/2.0.0 Azure-SDK-For-Python]
      accept-language: [en-US]
    method: POST
    uri: https://management.azure.com/subscriptions/00000000-0000-0000-0000-000000000000/resourceGroups/vdc-storage-rg/providers/Microsoft.Storage/storageAccounts/storage/listKeys?api-version=2018-02-01
  response:
    body: {string: '{"keys":[{"keyName":"key1","value":"WHCxnTcooJCGfNwLRhz2zgLsDvXXE2uVqOuTfZcRHFJsJOhMZ96mUI41HxmVBXgAOoZMvdba+Fjc/5DS+5dS7g==","permissions":"FULL"},{"keyName":"key2","value":"Qt4jlr+vbLCxJo6xXTAlgWEXGo27Lz8jmQRQ4yIPsJD5CUM48N75AxWrH71MIJIu12thzJH4T3VUZ4BvKrqhrQ==","permissions":"FULL"}]}'}
    headers:
      cache-control: [no-cache]
      content-length: ['288']
      content-type: [application/json]
      date: ['Sat, 12 Jan 2019 19:43:50 GMT']
      expires: ['-1']
      pragma: [no-cache]
      server: ['Microsoft-Azure-Storage-Resource-Provider/1.0,Microsoft-HTTPAPI/2.0
          Microsoft-HTTPAPI/2.0']
      strict-transport-security: [max-age=31536000; includeSubDomains]
      transfer-encoding: [chunked]
      vary: [Accept-Encoding]
      x-content-type-options: [nosniff]
      x-ms-ratelimit-remaining-subscription-writes: ['1197']
    status: {code: 200, message: OK}
- request:
    body: null
    headers:
      Accept: [application/json]
      Accept-Encoding: ['gzip, deflate']
      Connection: [keep-alive]
      Content-Length: ['0']
      Content-Type: [application/json; charset=utf-8]
      User-Agent: [python/3.6.4 (Linux-4.9.125-linuxkit-x86_64-with) msrest/0.6.2
          msrest_azure/0.6.0 azure-mgmt-storage/2.0.0 Azure-SDK-For-Python]
      accept-language: [en-US]
    method: POST
    uri: https://management.azure.com/subscriptions/00000000-0000-0000-0000-000000000000/resourceGroups/vdc-storage-rg/providers/Microsoft.Storage/storageAccounts/storage/listKeys?api-version=2018-02-01
  response:
    body: {string: '{"keys":[{"keyName":"key1","value":"WHCxnTcooJCGfNwLRhz2zgLsDvXXE2uVqOuTfZcRHFJsJOhMZ96mUI41HxmVBXgAOoZMvdba+Fjc/5DS+5dS7g==","permissions":"FULL"},{"keyName":"key2","value":"Qt4jlr+vbLCxJo6xXTAlgWEXGo27Lz8jmQRQ4yIPsJD5CUM48N75AxWrH71MIJIu12thzJH4T3VUZ4BvKrqhrQ==","permissions":"FULL"}]}'}
    headers:
      cache-control: [no-cache]
      content-length: ['288']
      content-type: [application/json]
      date: ['Sat, 12 Jan 2019 19:43:51 GMT']
      expires: ['-1']
      pragma: [no-cache]
      server: ['Microsoft-Azure-Storage-Resource-Provider/1.0,Microsoft-HTTPAPI/2.0
          Microsoft-HTTPAPI/2.0']
      strict-transport-security: [max-age=31536000; includeSubDomains]
      transfer-encoding: [chunked]
      vary: [Accept-Encoding]
      x-content-type-options: [nosniff]
      x-ms-ratelimit-remaining-subscription-writes: ['1195']
    status: {code: 200, message: OK}
- request:
    body: '{"properties": {"displayName": "permittedRegions", "description": "Policy
      to restrict resource creation to only certain regions", "policyRule": {"if":
      {"not": {"field": "location", "in": ["eastus", "westus", "westus2", "centralus",
      "westcentralus", "westeurope"]}}, "then": {"effect": "audit"}}, "metadata":
      {"category": "VDC"}}}'
    headers:
      Accept: [application/json]
      Accept-Encoding: ['gzip, deflate']
      Connection: [keep-alive]
      Content-Length: ['329']
      Content-Type: [application/json; charset=utf-8]
      User-Agent: [python/3.6.5 (Darwin-18.2.0-x86_64-i386-64bit) msrest/0.6.4 msrest_azure/0.6.0
          policyclient/2.1.0 Azure-SDK-For-Python]
      accept-language: [en-US]
    method: PUT
    uri: https://management.azure.com/subscriptions/00000000-0000-0000-0000-000000000000/providers/Microsoft.Authorization/policyDefinitions/permittedRegions?api-version=2018-03-01
  response:
    body: {string: '{"properties":{"displayName":"permittedRegions","policyType":"Custom","description":"Policy
        to restrict resource creation to only certain regions","metadata":{"category":"VDC"},"policyRule":{"if":{"not":{"field":"location","in":["eastus","westus","westus2","centralus","westcentralus","westeurope"]}},"then":{"effect":"audit"}}},"id":"/subscriptions/00000000-0000-0000-0000-000000000000/providers/Microsoft.Authorization/policyDefinitions/permittedRegions","type":"Microsoft.Authorization/policyDefinitions","name":"permittedRegions"}'}
    headers:
      cache-control: [no-cache]
      content-length: ['534']
      content-type: [application/json; charset=utf-8]
      date: ['Fri, 08 Feb 2019 06:36:56 GMT']
      expires: ['-1']
      pragma: [no-cache]
      strict-transport-security: [max-age=31536000; includeSubDomains]
      x-content-type-options: [nosniff]
      x-ms-ratelimit-remaining-subscription-writes: ['1193']
    status: {code: 201, message: Created}
- request:
    body: 'b''b\''{"properties": {"displayName": "permittedRegions", "policyDefinitionId":
      "/subscriptions/00000000-0000-0000-0000-000000000000/providers/Microsoft.Authorization/policyDefinitions/permittedRegions"},
      "name": "permittedRegions"}\'''''
    headers:
      Accept: [application/json]
      Accept-Encoding: ['gzip, deflate']
      Connection: [keep-alive]
      Content-Length: ['225']
      Content-Type: [application/json; charset=utf-8]
      User-Agent: [python/3.6.5 (Darwin-18.2.0-x86_64-i386-64bit) msrest/0.6.4 msrest_azure/0.6.0
          policyclient/2.1.0 Azure-SDK-For-Python]
      accept-language: [en-US]
    method: PUT
    uri: https://management.azure.com/subscriptions/00000000-0000-0000-0000-000000000000/providers/Microsoft.Authorization/policyAssignments/permittedRegions?api-version=2018-03-01
  response:
    body: {string: '{"sku":{"name":"A0","tier":"Free"},"properties":{"displayName":"permittedRegions","policyDefinitionId":"/subscriptions/00000000-0000-0000-0000-000000000000/providers/Microsoft.Authorization/policyDefinitions/permittedRegions","scope":"/subscriptions/00000000-0000-0000-0000-000000000000"},"id":"/subscriptions/00000000-0000-0000-0000-000000000000/providers/Microsoft.Authorization/policyAssignments/permittedRegions","type":"Microsoft.Authorization/policyAssignments","name":"permittedRegions"}'}
    headers:
      cache-control: [no-cache]
      content-length: ['494']
      content-type: [application/json; charset=utf-8]
      date: ['Fri, 08 Feb 2019 06:36:57 GMT']
      expires: ['-1']
      pragma: [no-cache]
      strict-transport-security: [max-age=31536000; includeSubDomains]
      x-content-type-options: [nosniff]
      x-ms-ratelimit-remaining-subscription-writes: ['1198']
    status: {code: 201, message: Created}
- request:
    body: '{"properties": {"displayName": "enforceStandardTags", "description": "Policy
      to enforce standard tags", "policyRule": {"if": {"anyOf": [{"field": "tags.environment",
      "exists": false}, {"field": "tags.appCode", "exists": false}, {"field": "tags.managedBy",
      "exists": false}, {"field": "tags.source", "exists": false}, {"field": "tags.dataClassification",
      "exists": false}, {"field": "tags.supportTier", "exists": false}, {"field":
      "tags.costCenter", "exists": false}]}, "then": {"effect": "audit"}}, "metadata":
      {"category": "VDC"}}}'
    headers:
      Accept: [application/json]
      Accept-Encoding: ['gzip, deflate']
      Connection: [keep-alive]
      Content-Length: ['532']
      Content-Type: [application/json; charset=utf-8]
      User-Agent: [python/3.6.5 (Darwin-18.2.0-x86_64-i386-64bit) msrest/0.6.4 msrest_azure/0.6.0
          policyclient/2.1.0 Azure-SDK-For-Python]
      accept-language: [en-US]
    method: PUT
    uri: https://management.azure.com/subscriptions/00000000-0000-0000-0000-000000000000/providers/Microsoft.Authorization/policyDefinitions/enforceStandardTags?api-version=2018-03-01
  response:
    body: {string: '{"properties":{"displayName":"enforceStandardTags","policyType":"Custom","description":"Policy
        to enforce standard tags","metadata":{"category":"VDC"},"policyRule":{"if":{"anyOf":[{"field":"tags.environment","exists":false},{"field":"tags.appCode","exists":false},{"field":"tags.managedBy","exists":false},{"field":"tags.source","exists":false},{"field":"tags.dataClassification","exists":false},{"field":"tags.supportTier","exists":false},{"field":"tags.costCenter","exists":false}]},"then":{"effect":"audit"}}},"id":"/subscriptions/00000000-0000-0000-0000-000000000000/providers/Microsoft.Authorization/policyDefinitions/enforceStandardTags","type":"Microsoft.Authorization/policyDefinitions","name":"enforceStandardTags"}'}
    headers:
      cache-control: [no-cache]
      content-length: ['724']
      content-type: [application/json; charset=utf-8]
      date: ['Fri, 08 Feb 2019 06:36:57 GMT']
      expires: ['-1']
      pragma: [no-cache]
      strict-transport-security: [max-age=31536000; includeSubDomains]
      x-content-type-options: [nosniff]
      x-ms-ratelimit-remaining-subscription-writes: ['1198']
    status: {code: 201, message: Created}
- request:
    body: 'b''b\''{"properties": {"displayName": "enforceStandardTags", "policyDefinitionId":
      "/subscriptions/00000000-0000-0000-0000-000000000000/providers/Microsoft.Authorization/policyDefinitions/enforceStandardTags"},
      "name": "enforceStandardTags"}\'''''
    headers:
      Accept: [application/json]
      Accept-Encoding: ['gzip, deflate']
      Connection: [keep-alive]
      Content-Length: ['234']
      Content-Type: [application/json; charset=utf-8]
      User-Agent: [python/3.6.5 (Darwin-18.2.0-x86_64-i386-64bit) msrest/0.6.4 msrest_azure/0.6.0
          policyclient/2.1.0 Azure-SDK-For-Python]
      accept-language: [en-US]
    method: PUT
    uri: https://management.azure.com/subscriptions/00000000-0000-0000-0000-000000000000/providers/Microsoft.Authorization/policyAssignments/enforceStandardTags?api-version=2018-03-01
  response:
    body: {string: '{"sku":{"name":"A0","tier":"Free"},"properties":{"displayName":"enforceStandardTags","policyDefinitionId":"/subscriptions/00000000-0000-0000-0000-000000000000/providers/Microsoft.Authorization/policyDefinitions/enforceStandardTags","scope":"/subscriptions/00000000-0000-0000-0000-000000000000"},"id":"/subscriptions/00000000-0000-0000-0000-000000000000/providers/Microsoft.Authorization/policyAssignments/enforceStandardTags","type":"Microsoft.Authorization/policyAssignments","name":"enforceStandardTags"}'}
    headers:
      cache-control: [no-cache]
      content-length: ['506']
      content-type: [application/json; charset=utf-8]
      date: ['Fri, 08 Feb 2019 06:37:00 GMT']
      expires: ['-1']
      pragma: [no-cache]
      strict-transport-security: [max-age=31536000; includeSubDomains]
      x-content-type-options: [nosniff]
      x-ms-ratelimit-remaining-subscription-writes: ['1197']
    status: {code: 201, message: Created}
- request:
    body: '{"properties": {"displayName": "enforceAllowedVMImages", "description":
      "Policy to enforce the use of specific VM Images", "policyRule": {"if": {"allOf":
      [{"field": "type", "equals": "Microsoft.Compute/virtualMachines"}, {"not": {"field":
      "Microsoft.Compute/imageId", "in": "[parameters(''imageIds'')]"}}]}, "then":
      {"effect": "audit"}}, "metadata": {"category": "VDC"}, "parameters": {"imageIds":
      {"type": "array", "metadata": {"description": "The list of allowed VM Images.",
      "displayName": "Allowed VM Images"}}}}}'
    headers:
      Accept: [application/json]
      Accept-Encoding: ['gzip, deflate']
      Connection: [keep-alive]
      Content-Length: ['515']
      Content-Type: [application/json; charset=utf-8]
      User-Agent: [python/3.6.5 (Darwin-18.2.0-x86_64-i386-64bit) msrest/0.6.4 msrest_azure/0.6.0
          policyclient/2.1.0 Azure-SDK-For-Python]
      accept-language: [en-US]
    method: PUT
    uri: https://management.azure.com/subscriptions/00000000-0000-0000-0000-000000000000/providers/Microsoft.Authorization/policyDefinitions/enforceAllowedVMImages?api-version=2018-03-01
  response:
    body: {string: '{"properties":{"displayName":"enforceAllowedVMImages","policyType":"Custom","description":"Policy
        to enforce the use of specific VM Images","metadata":{"category":"VDC"},"parameters":{"imageIds":{"type":"Array","metadata":{"description":"The
        list of allowed VM Images.","displayName":"Allowed VM Images"}}},"policyRule":{"if":{"allOf":[{"field":"type","equals":"Microsoft.Compute/virtualMachines"},{"not":{"field":"Microsoft.Compute/imageId","in":"[parameters(''imageIds'')]"}}]},"then":{"effect":"audit"}}},"id":"/subscriptions/00000000-0000-0000-0000-000000000000/providers/Microsoft.Authorization/policyDefinitions/enforceAllowedVMImages","type":"Microsoft.Authorization/policyDefinitions","name":"enforceAllowedVMImages"}'}
    headers:
      cache-control: [no-cache]
      content-length: ['723']
      content-type: [application/json; charset=utf-8]
      date: ['Fri, 08 Feb 2019 06:37:00 GMT']
      expires: ['-1']
      pragma: [no-cache]
      strict-transport-security: [max-age=31536000; includeSubDomains]
      x-content-type-options: [nosniff]
      x-ms-ratelimit-remaining-subscription-writes: ['1195']
    status: {code: 201, message: Created}
- request:
    body: '{"properties": {"displayName": "auditNSGUnassigned", "description": "Policy
      that audits all NSGs that are not assigned to a NIC or Subnet", "policyRule":
      {"if": {"allOf": [{"field": "type", "equals": "Microsoft.Network/networkSecurityGroups"},
      {"allOf": [{"not": {"field": "Microsoft.Network/networkSecurityGroups/subnets[*].id",
      "exists": true}}, {"not": {"field": "Microsoft.Network/networkSecurityGroups/networkInterfaces[*].id",
      "exists": true}}]}]}, "then": {"effect": "audit"}}, "metadata": {"category":
      "VDC"}}}'
    headers:
      Accept: [application/json]
      Accept-Encoding: ['gzip, deflate']
      Connection: [keep-alive]
      Content-Length: ['518']
      Content-Type: [application/json; charset=utf-8]
      User-Agent: [python/3.6.5 (Darwin-18.2.0-x86_64-i386-64bit) msrest/0.6.4 msrest_azure/0.6.0
          policyclient/2.1.0 Azure-SDK-For-Python]
      accept-language: [en-US]
    method: PUT
    uri: https://management.azure.com/subscriptions/00000000-0000-0000-0000-000000000000/providers/Microsoft.Authorization/policyDefinitions/auditNSGUnassigned?api-version=2018-03-01
  response:
    body: {string: '{"properties":{"displayName":"auditNSGUnassigned","policyType":"Custom","description":"Policy
        that audits all NSGs that are not assigned to a NIC or Subnet","metadata":{"category":"VDC"},"policyRule":{"if":{"allOf":[{"field":"type","equals":"Microsoft.Network/networkSecurityGroups"},{"allOf":[{"not":{"field":"Microsoft.Network/networkSecurityGroups/subnets[*].id","exists":true}},{"not":{"field":"Microsoft.Network/networkSecurityGroups/networkInterfaces[*].id","exists":true}}]}]},"then":{"effect":"audit"}}},"id":"/subscriptions/00000000-0000-0000-0000-000000000000/providers/Microsoft.Authorization/policyDefinitions/auditNSGUnassigned","type":"Microsoft.Authorization/policyDefinitions","name":"auditNSGUnassigned"}'}
    headers:
      cache-control: [no-cache]
      content-length: ['721']
      content-type: [application/json; charset=utf-8]
      date: ['Fri, 08 Feb 2019 06:37:01 GMT']
      expires: ['-1']
      pragma: [no-cache]
      strict-transport-security: [max-age=31536000; includeSubDomains]
      x-content-type-options: [nosniff]
      x-ms-ratelimit-remaining-subscription-writes: ['1199']
    status: {code: 201, message: Created}
- request:
    body: 'b''b\''{"properties": {"displayName": "auditNSGUnassigned", "policyDefinitionId":
      "/subscriptions/00000000-0000-0000-0000-000000000000/providers/Microsoft.Authorization/policyDefinitions/auditNSGUnassigned"},
      "name": "auditNSGUnassigned"}\'''''
    headers:
      Accept: [application/json]
      Accept-Encoding: ['gzip, deflate']
      Connection: [keep-alive]
      Content-Length: ['231']
      Content-Type: [application/json; charset=utf-8]
      User-Agent: [python/3.6.5 (Darwin-18.2.0-x86_64-i386-64bit) msrest/0.6.4 msrest_azure/0.6.0
          policyclient/2.1.0 Azure-SDK-For-Python]
      accept-language: [en-US]
    method: PUT
    uri: https://management.azure.com/subscriptions/00000000-0000-0000-0000-000000000000/providers/Microsoft.Authorization/policyAssignments/auditNSGUnassigned?api-version=2018-03-01
  response:
    body: {string: '{"sku":{"name":"A0","tier":"Free"},"properties":{"displayName":"auditNSGUnassigned","policyDefinitionId":"/subscriptions/00000000-0000-0000-0000-000000000000/providers/Microsoft.Authorization/policyDefinitions/auditNSGUnassigned","scope":"/subscriptions/00000000-0000-0000-0000-000000000000"},"id":"/subscriptions/00000000-0000-0000-0000-000000000000/providers/Microsoft.Authorization/policyAssignments/auditNSGUnassigned","type":"Microsoft.Authorization/policyAssignments","name":"auditNSGUnassigned"}'}
    headers:
      cache-control: [no-cache]
      content-length: ['502']
      content-type: [application/json; charset=utf-8]
      date: ['Fri, 08 Feb 2019 06:37:01 GMT']
      expires: ['-1']
      pragma: [no-cache]
      strict-transport-security: [max-age=31536000; includeSubDomains]
      x-content-type-options: [nosniff]
      x-ms-ratelimit-remaining-subscription-writes: ['1195']
    status: {code: 201, message: Created}
- request:
    body: '{"properties": {"displayName": "enforceStorageEncryption", "description":
      "Policy to restrict storage account creation to only those applying encryption",
      "policyRule": {"if": {"allOf": [{"field": "type", "equals": "Microsoft.Storage/storageAccounts"},
      {"not": {"field": "Microsoft.Storage/storageAccounts/enableBlobEncryption",
      "equals": "true"}}]}, "then": {"effect": "audit"}}, "metadata": {"category":
      "VDC"}}}'
    headers:
      Accept: [application/json]
      Accept-Encoding: ['gzip, deflate']
      Connection: [keep-alive]
      Content-Length: ['414']
      Content-Type: [application/json; charset=utf-8]
      User-Agent: [python/3.6.5 (Darwin-18.2.0-x86_64-i386-64bit) msrest/0.6.4 msrest_azure/0.6.0
          policyclient/2.1.0 Azure-SDK-For-Python]
      accept-language: [en-US]
    method: PUT
    uri: https://management.azure.com/subscriptions/00000000-0000-0000-0000-000000000000/providers/Microsoft.Authorization/policyDefinitions/enforceStorageEncryption?api-version=2018-03-01
  response:
    body: {string: '{"properties":{"displayName":"enforceStorageEncryption","policyType":"Custom","description":"Policy
        to restrict storage account creation to only those applying encryption","metadata":{"category":"VDC"},"policyRule":{"if":{"allOf":[{"field":"type","equals":"Microsoft.Storage/storageAccounts"},{"not":{"field":"Microsoft.Storage/storageAccounts/enableBlobEncryption","equals":"true"}}]},"then":{"effect":"audit"}}},"id":"/subscriptions/00000000-0000-0000-0000-000000000000/providers/Microsoft.Authorization/policyDefinitions/enforceStorageEncryption","type":"Microsoft.Authorization/policyDefinitions","name":"enforceStorageEncryption"}'}
    headers:
      cache-control: [no-cache]
      content-length: ['635']
      content-type: [application/json; charset=utf-8]
      date: ['Fri, 08 Feb 2019 06:37:04 GMT']
      expires: ['-1']
      pragma: [no-cache]
      strict-transport-security: [max-age=31536000; includeSubDomains]
      x-content-type-options: [nosniff]
      x-ms-ratelimit-remaining-subscription-writes: ['1198']
    status: {code: 201, message: Created}
- request:
    body: 'b''b\''{"properties": {"displayName": "enforceStorageEncryption", "policyDefinitionId":
      "/subscriptions/00000000-0000-0000-0000-000000000000/providers/Microsoft.Authorization/policyDefinitions/enforceStorageEncryption"},
      "name": "enforceStorageEncryption"}\'''''
    headers:
      Accept: [application/json]
      Accept-Encoding: ['gzip, deflate']
      Connection: [keep-alive]
      Content-Length: ['249']
      Content-Type: [application/json; charset=utf-8]
      User-Agent: [python/3.6.5 (Darwin-18.2.0-x86_64-i386-64bit) msrest/0.6.4 msrest_azure/0.6.0
          policyclient/2.1.0 Azure-SDK-For-Python]
      accept-language: [en-US]
    method: PUT
    uri: https://management.azure.com/subscriptions/00000000-0000-0000-0000-000000000000/providers/Microsoft.Authorization/policyAssignments/enforceStorageEncryption?api-version=2018-03-01
  response:
    body: {string: '{"sku":{"name":"A0","tier":"Free"},"properties":{"displayName":"enforceStorageEncryption","policyDefinitionId":"/subscriptions/00000000-0000-0000-0000-000000000000/providers/Microsoft.Authorization/policyDefinitions/enforceStorageEncryption","scope":"/subscriptions/00000000-0000-0000-0000-000000000000"},"id":"/subscriptions/00000000-0000-0000-0000-000000000000/providers/Microsoft.Authorization/policyAssignments/enforceStorageEncryption","type":"Microsoft.Authorization/policyAssignments","name":"enforceStorageEncryption"}'}
    headers:
      cache-control: [no-cache]
      content-length: ['526']
      content-type: [application/json; charset=utf-8]
      date: ['Fri, 08 Feb 2019 06:37:04 GMT']
      expires: ['-1']
      pragma: [no-cache]
      strict-transport-security: [max-age=31536000; includeSubDomains]
      x-content-type-options: [nosniff]
      x-ms-ratelimit-remaining-subscription-writes: ['1199']
    status: {code: 201, message: Created}
- request:
    body: '{"properties": {"displayName": "enforceStorageHttpsAccess", "description":
      "Policy to enforce Https Access", "policyRule": {"if": {"allOf": [{"field":
      "type", "equals": "Microsoft.Storage/storageAccounts"}, {"field": "Microsoft.Storage/storageAccounts/supportsHttpsTrafficOnly",
      "equals": "false"}]}, "then": {"effect": "audit"}}, "metadata": {"category":
      "VDC"}}}'
    headers:
      Accept: [application/json]
      Accept-Encoding: ['gzip, deflate']
      Connection: [keep-alive]
      Content-Length: ['364']
      Content-Type: [application/json; charset=utf-8]
      User-Agent: [python/3.6.5 (Darwin-18.2.0-x86_64-i386-64bit) msrest/0.6.4 msrest_azure/0.6.0
          policyclient/2.1.0 Azure-SDK-For-Python]
      accept-language: [en-US]
    method: PUT
    uri: https://management.azure.com/subscriptions/00000000-0000-0000-0000-000000000000/providers/Microsoft.Authorization/policyDefinitions/enforceStorageHttpsAccess?api-version=2018-03-01
  response:
    body: {string: '{"properties":{"displayName":"enforceStorageHttpsAccess","policyType":"Custom","description":"Policy
        to enforce Https Access","metadata":{"category":"VDC"},"policyRule":{"if":{"allOf":[{"field":"type","equals":"Microsoft.Storage/storageAccounts"},{"field":"Microsoft.Storage/storageAccounts/supportsHttpsTrafficOnly","equals":"false"}]},"then":{"effect":"audit"}}},"id":"/subscriptions/00000000-0000-0000-0000-000000000000/providers/Microsoft.Authorization/policyDefinitions/enforceStorageHttpsAccess","type":"Microsoft.Authorization/policyDefinitions","name":"enforceStorageHttpsAccess"}'}
    headers:
      cache-control: [no-cache]
      content-length: ['588']
      content-type: [application/json; charset=utf-8]
      date: ['Fri, 08 Feb 2019 06:37:05 GMT']
      expires: ['-1']
      pragma: [no-cache]
      strict-transport-security: [max-age=31536000; includeSubDomains]
      x-content-type-options: [nosniff]
      x-ms-ratelimit-remaining-subscription-writes: ['1195']
    status: {code: 201, message: Created}
- request:
    body: 'b''b\''{"properties": {"displayName": "enforceStorageHttpsAccess", "policyDefinitionId":
      "/subscriptions/00000000-0000-0000-0000-000000000000/providers/Microsoft.Authorization/policyDefinitions/enforceStorageHttpsAccess"},
      "name": "enforceStorageHttpsAccess"}\'''''
    headers:
      Accept: [application/json]
      Accept-Encoding: ['gzip, deflate']
      Connection: [keep-alive]
      Content-Length: ['252']
      Content-Type: [application/json; charset=utf-8]
      User-Agent: [python/3.6.5 (Darwin-18.2.0-x86_64-i386-64bit) msrest/0.6.4 msrest_azure/0.6.0
          policyclient/2.1.0 Azure-SDK-For-Python]
      accept-language: [en-US]
    method: PUT
    uri: https://management.azure.com/subscriptions/00000000-0000-0000-0000-000000000000/providers/Microsoft.Authorization/policyAssignments/enforceStorageHttpsAccess?api-version=2018-03-01
  response:
    body: {string: '{"sku":{"name":"A0","tier":"Free"},"properties":{"displayName":"enforceStorageHttpsAccess","policyDefinitionId":"/subscriptions/00000000-0000-0000-0000-000000000000/providers/Microsoft.Authorization/policyDefinitions/enforceStorageHttpsAccess","scope":"/subscriptions/00000000-0000-0000-0000-000000000000"},"id":"/subscriptions/00000000-0000-0000-0000-000000000000/providers/Microsoft.Authorization/policyAssignments/enforceStorageHttpsAccess","type":"Microsoft.Authorization/policyAssignments","name":"enforceStorageHttpsAccess"}'}
    headers:
      cache-control: [no-cache]
      content-length: ['530']
      content-type: [application/json; charset=utf-8]
      date: ['Fri, 08 Feb 2019 06:37:06 GMT']
      expires: ['-1']
      pragma: [no-cache]
      strict-transport-security: [max-age=31536000; includeSubDomains]
      x-content-type-options: [nosniff]
      x-ms-ratelimit-remaining-subscription-writes: ['1199']
    status: {code: 201, message: Created}
- request:
    body: '{"properties": {"displayName": "enforceStorageServiceEndpoint", "description":
      "Policy to enforce Storage Account service endpoint", "policyRule": {"if": {"allOf":
      [{"field": "type", "equals": "Microsoft.Storage/storageAccounts"}, {"not": {"field":
      "Microsoft.Storage/storageAccounts/networkAcls.virtualNetworkRules[*].id", "exists":
      true}}]}, "then": {"effect": "audit"}}, "metadata": {"category": "VDC"}}}'
    headers:
      Accept: [application/json]
      Accept-Encoding: ['gzip, deflate']
      Connection: [keep-alive]
      Content-Length: ['407']
      Content-Type: [application/json; charset=utf-8]
      User-Agent: [python/3.6.5 (Darwin-18.2.0-x86_64-i386-64bit) msrest/0.6.4 msrest_azure/0.6.0
          policyclient/2.1.0 Azure-SDK-For-Python]
      accept-language: [en-US]
    method: PUT
    uri: https://management.azure.com/subscriptions/00000000-0000-0000-0000-000000000000/providers/Microsoft.Authorization/policyDefinitions/enforceStorageServiceEndpoint?api-version=2018-03-01
  response:
    body: {string: '{"properties":{"displayName":"enforceStorageServiceEndpoint","policyType":"Custom","description":"Policy
        to enforce Storage Account service endpoint","metadata":{"category":"VDC"},"policyRule":{"if":{"allOf":[{"field":"type","equals":"Microsoft.Storage/storageAccounts"},{"not":{"field":"Microsoft.Storage/storageAccounts/networkAcls.virtualNetworkRules[*].id","exists":true}}]},"then":{"effect":"audit"}}},"id":"/subscriptions/00000000-0000-0000-0000-000000000000/providers/Microsoft.Authorization/policyDefinitions/enforceStorageServiceEndpoint","type":"Microsoft.Authorization/policyDefinitions","name":"enforceStorageServiceEndpoint"}'}
    headers:
      cache-control: [no-cache]
      content-length: ['638']
      content-type: [application/json; charset=utf-8]
      date: ['Fri, 08 Feb 2019 06:37:07 GMT']
      expires: ['-1']
      pragma: [no-cache]
      strict-transport-security: [max-age=31536000; includeSubDomains]
      x-content-type-options: [nosniff]
      x-ms-ratelimit-remaining-subscription-writes: ['1199']
    status: {code: 201, message: Created}
- request:
    body: 'b''b\''{"properties": {"displayName": "enforceStorageServiceEndpoint",
      "policyDefinitionId": "/subscriptions/00000000-0000-0000-0000-000000000000/providers/Microsoft.Authorization/policyDefinitions/enforceStorageServiceEndpoint"},
      "name": "enforceStorageServiceEndpoint"}\'''''
    headers:
      Accept: [application/json]
      Accept-Encoding: ['gzip, deflate']
      Connection: [keep-alive]
      Content-Length: ['264']
      Content-Type: [application/json; charset=utf-8]
      User-Agent: [python/3.6.5 (Darwin-18.2.0-x86_64-i386-64bit) msrest/0.6.4 msrest_azure/0.6.0
          policyclient/2.1.0 Azure-SDK-For-Python]
      accept-language: [en-US]
    method: PUT
    uri: https://management.azure.com/subscriptions/00000000-0000-0000-0000-000000000000/providers/Microsoft.Authorization/policyAssignments/enforceStorageServiceEndpoint?api-version=2018-03-01
  response:
    body: {string: '{"sku":{"name":"A0","tier":"Free"},"properties":{"displayName":"enforceStorageServiceEndpoint","policyDefinitionId":"/subscriptions/00000000-0000-0000-0000-000000000000/providers/Microsoft.Authorization/policyDefinitions/enforceStorageServiceEndpoint","scope":"/subscriptions/00000000-0000-0000-0000-000000000000"},"id":"/subscriptions/00000000-0000-0000-0000-000000000000/providers/Microsoft.Authorization/policyAssignments/enforceStorageServiceEndpoint","type":"Microsoft.Authorization/policyAssignments","name":"enforceStorageServiceEndpoint"}'}
    headers:
      cache-control: [no-cache]
      content-length: ['546']
      content-type: [application/json; charset=utf-8]
      date: ['Fri, 08 Feb 2019 06:37:08 GMT']
      expires: ['-1']
      pragma: [no-cache]
      strict-transport-security: [max-age=31536000; includeSubDomains]
      x-content-type-options: [nosniff]
      x-ms-ratelimit-remaining-subscription-writes: ['1197']
    status: {code: 201, message: Created}
- request:
    body: null
    headers:
      Connection: [keep-alive]
      User-Agent: [Azure-Storage/1.4.0-1.3.1 (Python CPython 3.6.4; Linux 4.9.125-linuxkit)]
      x-ms-date: ['Sat, 12 Jan 2019 19:43:51 GMT']
      x-ms-range: [bytes=0-33554431]
      x-ms-version: ['2018-03-28']
    method: GET
    uri: https://storage.blob.core.windows.net/output/org-workload-iaas/parameters/kv/azureDeploy.parameters.output.json
  response:
    body: {string: '{"kv-id": { "value": "/subscriptions/00000000-0000-0000-0000-000000000000/resourceGroups/org-iaas-kv-rg/providers/Microsoft.KeyVault/vaults/org-iaas-kv"},
        "kv-name": { "value": "org-iaas-kv"}, "kv-resourceGroup": { "value": "org-iaas-kv-rg"},
        "kv-uri": { "value": "https://org-iaas-kv.vault.azure.net/"}}'}
    headers:
      accept-ranges: [bytes]
      content-length: ['324']
      content-range: [bytes 0-323/324]
      content-type: [application/octet-stream]
      date: ['Sat, 12 Jan 2019 19:43:52 GMT']
      etag: ['"0x8D678C421A37D4A"']
      last-modified: ['Sat, 12 Jan 2019 19:28:29 GMT']
      server: [Windows-Azure-Blob/1.0 Microsoft-HTTPAPI/2.0]
      x-ms-blob-content-md5: [cJl7mCzm+a2jx3KBeE9QVg==]
      x-ms-blob-type: [BlockBlob]
      x-ms-creation-time: ['Sat, 12 Jan 2019 18:03:18 GMT']
      x-ms-lease-state: [available]
      x-ms-lease-status: [unlocked]
      x-ms-server-encrypted: ['true']
      x-ms-version: ['2018-03-28']
    status: {code: 206, message: Partial Content}
- request:
    body: null
    headers:
      Connection: [keep-alive]
      User-Agent: [Azure-Storage/1.4.0-1.3.1 (Python CPython 3.6.4; Linux 4.9.125-linuxkit)]
      x-ms-date: ['Sat, 12 Jan 2019 19:43:52 GMT']
      x-ms-range: [bytes=0-33554431]
      x-ms-version: ['2018-03-28']
    method: GET
    uri: https://storage.blob.core.windows.net/output/org-workload-iaas/parameters/workload-net/azureDeploy.parameters.output.json
  response:
    body: {string: '{"vnet-id": { "value": "/subscriptions/00000000-0000-0000-0000-000000000000/resourceGroups/org-iaas-net-rg/providers/Microsoft.Network/virtualNetworks/org-iaas-vnet"},
        "vnet-name": { "value": "org-iaas-vnet"}, "vnet-resourceGroup": { "value":
        "org-iaas-net-rg"}}'}
    headers:
      accept-ranges: [bytes]
      content-length: ['278']
      content-range: [bytes 0-277/278]
      content-type: [application/octet-stream]
      date: ['Sat, 12 Jan 2019 19:43:51 GMT']
      etag: ['"0x8D678C40B62C466"']
      last-modified: ['Sat, 12 Jan 2019 19:27:51 GMT']
      server: [Windows-Azure-Blob/1.0 Microsoft-HTTPAPI/2.0]
      x-ms-blob-content-md5: [uClHJrnYO8dtCvjP2FeBnQ==]
      x-ms-blob-type: [BlockBlob]
      x-ms-creation-time: ['Sat, 12 Jan 2019 18:02:09 GMT']
      x-ms-lease-state: [available]
      x-ms-lease-status: [unlocked]
      x-ms-server-encrypted: ['true']
      x-ms-version: ['2018-03-28']
    status: {code: 206, message: Partial Content}
- request:
    body: null
    headers:
      Connection: [keep-alive]
      User-Agent: [Azure-Storage/1.4.0-1.3.1 (Python CPython 3.6.4; Linux 4.9.125-linuxkit)]
      x-ms-date: ['Sat, 12 Jan 2019 19:43:52 GMT']
      x-ms-range: [bytes=0-33554431]
      x-ms-version: ['2018-03-28']
    method: GET
    uri: https://storage.blob.core.windows.net/output/org-workload-iaas/parameters/la/azureDeploy.parameters.output.json
  response:
    body: {string: '{"oms-id": { "value": "/subscriptions/00000000-0000-0000-0000-000000000000/resourceGroups/org-iaas-la-rg/providers/Microsoft.OperationalInsights/workspaces/org-iaas-la"},
        "oms-workspace-resourceGroup": { "value": "org-iaas-la-rg"}, "oms-workspace-name":
        { "value": "org-iaas-la"}, "oms-workspace-id": { "value": "1c8a86f6-69c5-4299-82b6-8f06db51a757"},
        "oms-primary-shared-key": { "value": "U3KGMQI94a2PfGyXNu0ZFRNfPfzFaGlHrfnOfqMaGvVAzVHet7Ux64Odhfa+DRiUXuXcEnetQCqhS2WiiOP+3g=="}}'}
    headers:
      accept-ranges: [bytes]
      content-length: ['498']
      content-range: [bytes 0-497/498]
      content-type: [application/octet-stream]
      date: ['Sat, 12 Jan 2019 19:43:51 GMT']
      etag: ['"0x8D678C3CDD6B4EC"']
      last-modified: ['Sat, 12 Jan 2019 19:26:08 GMT']
      server: [Windows-Azure-Blob/1.0 Microsoft-HTTPAPI/2.0]
      x-ms-blob-content-md5: [vtd6B1BpcvV1ZYjlkvUiLw==]
      x-ms-blob-type: [BlockBlob]
      x-ms-creation-time: ['Sat, 12 Jan 2019 17:56:48 GMT']
      x-ms-lease-state: [available]
      x-ms-lease-status: [unlocked]
      x-ms-server-encrypted: ['true']
      x-ms-version: ['2018-03-28']
    status: {code: 206, message: Partial Content}
- request:
    body: null
    headers:
      Accept: [application/json]
      Accept-Encoding: ['gzip, deflate']
      Connection: [keep-alive]
      Content-Type: [application/json; charset=utf-8]
      User-Agent: [python/3.6.4 (Linux-4.9.125-linuxkit-x86_64-with) msrest/0.6.2
          msrest_azure/0.6.0 resourcemanagementclient/2.0.0 Azure-SDK-For-Python]
      accept-language: [en-US]
    method: HEAD
    uri: https://management.azure.com/subscriptions/00000000-0000-0000-0000-000000000000/resourcegroups/org-iaas-biz-rg?api-version=2018-05-01
  response:
    body: {string: ''}
    headers:
      cache-control: [no-cache]
      content-length: ['0']
      date: ['Sat, 12 Jan 2019 19:43:52 GMT']
      expires: ['-1']
      pragma: [no-cache]
      strict-transport-security: [max-age=31536000; includeSubDomains]
      x-content-type-options: [nosniff]
    status: {code: 204, message: No Content}
- request:
    body: '!!! The request body has been omitted from the recording because its size
      51636 is larger than 10KB. !!!'
    headers:
      Accept: [application/json]
      Accept-Encoding: ['gzip, deflate']
      Connection: [keep-alive]
      Content-Length: ['28693']
      Content-Type: [application/json; charset=utf-8]
      User-Agent: [python/3.6.4 (Linux-4.9.125-linuxkit-x86_64-with) msrest/0.6.2
          msrest_azure/0.6.0 resourcemanagementclient/2.0.0 Azure-SDK-For-Python]
      accept-language: [en-US]
    method: PUT
    uri: https://management.azure.com/subscriptions/00000000-0000-0000-0000-000000000000/resourcegroups/org-iaas-biz-rg/providers/Microsoft.Resources/deployments/org-workload-iaas-deployment-vmapp-biz-lb?api-version=2018-05-01
  response:
    body: {string: '{"id":"/subscriptions/00000000-0000-0000-0000-000000000000/resourceGroups/org-iaas-biz-rg/providers/Microsoft.Resources/deployments/org-workload-iaas-deployment-vmapp-biz-lb","name":"org-workload-iaas-deployment-vmapp-biz-lb","properties":{"templateHash":"7077140617376515531","parameters":{"deployment-prefix":{"type":"String","value":"org-iaas"},"sas-key":{"type":"String","value":"se=2019-01-13T19%3A43%3A51Z&sp=r&spr=https&sv=2018-03-28&ss=b&srt=o&sig=S%2Bd%2BkwtPqntf48pISOoKuC%2BHCAsBv0ZC%2Br2%2BgT5Rwxg%3D"},"output-params-storage-account-name":{"type":"String","value":"storage"},"vnet-id":{"type":"String","value":"/subscriptions/00000000-0000-0000-0000-000000000000/resourceGroups/org-iaas-net-rg/providers/Microsoft.Network/virtualNetworks/org-iaas-vnet"},"vnet-resourceGroup":{"type":"String","value":"org-iaas-net-rg"},"default-subnet-name":{"type":"String","value":"default"},"extension-name":{"type":"String","value":"biz-app"},"admin-username":{"type":"String","value":"admin-user"},"admin-password":{"type":"SecureString","reference":{"keyVault":{"id":"/subscriptions/00000000-0000-0000-0000-000000000000/resourceGroups/org-iaas-kv-rg/providers/Microsoft.KeyVault/vaults/org-iaas-kv"},"secretName":"admin-user"}},"virtualMachine-size":{"type":"String","value":"Standard_DS1_v2"},"virtualMachine-count":{"type":"Int","value":2},"oms-workspace-id":{"type":"String","value":"1c8a86f6-69c5-4299-82b6-8f06db51a757"},"oms-primary-shared-key":{"type":"String","value":"U3KGMQI94a2PfGyXNu0ZFRNfPfzFaGlHrfnOfqMaGvVAzVHet7Ux64Odhfa+DRiUXuXcEnetQCqhS2WiiOP+3g=="},"kv-uri":{"type":"String","value":"https://org-iaas-kv.vault.azure.net/"},"kv-id":{"type":"String","value":"/subscriptions/00000000-0000-0000-0000-000000000000/resourceGroups/org-iaas-kv-rg/providers/Microsoft.KeyVault/vaults/org-iaas-kv"},"aad-principal-id":{"type":"String","value":""},"aad-certificate-thumb":{"type":"String","value":""},"aad-certificate-url":{"type":"String","value":""},"vmapp-lb-key":{"type":"String","value":""},"os-type":{"type":"String","value":"Windows"},"os-image":{"type":"Object","value":{"offer":"WindowsServer","publisher":"MicrosoftWindowsServer","sku":"2016-Datacenter"}},"domain-name":{"type":"String","value":"org.com"},"domain-admin-user":{"type":"String","value":"org"},"domain-admin-password":{"type":"SecureString","reference":{"keyVault":{"id":"/subscriptions/00000000-0000-0000-0000-000000000000/resourceGroups/org-ssvcs-kv-rg/providers/Microsoft.KeyVault/vaults/org-ssvcs-kv"},"secretName":"org"}},"vmapp-lb-backend-pool-name":{"type":"String","value":"biz-pool"},"vmapp-start-ip-address":{"type":"String","value":"10.4.2.9"},"asg-name":{"type":"String","value":"business"},"enable-encryption":{"type":"Bool","value":false},"encryption-secrets":{"type":"Array","value":[{"sourceVault":{"id":"/subscriptions/00000000-0000-0000-0000-000000000000/resourceGroups/org-iaas-kv-rg/providers/Microsoft.KeyVault/vaults/org-iaas-kv"},"vaultCertificates":[{"certificateUrl":"","certificateStore":"My"}]}]},"empty-array":{"type":"Array","value":[]},"vmapp-lb-ip-address":{"type":"String","value":"10.4.2.16"},"kv-name":{"type":"String","value":"org-iaas-kv"},"kv-resourceGroup":{"type":"String","value":"org-iaas-kv-rg"},"vnet-name":{"type":"String","value":"org-iaas-vnet"},"oms-id":{"type":"String","value":"/subscriptions/00000000-0000-0000-0000-000000000000/resourceGroups/org-iaas-la-rg/providers/Microsoft.OperationalInsights/workspaces/org-iaas-la"},"oms-workspace-resourceGroup":{"type":"String","value":"org-iaas-la-rg"},"oms-workspace-name":{"type":"String","value":"org-iaas-la"},"output-params-storage-key":{"type":"String","value":"WHCxnTcooJCGfNwLRhz2zgLsDvXXE2uVqOuTfZcRHFJsJOhMZ96mUI41HxmVBXgAOoZMvdba+Fjc/5DS+5dS7g=="}},"mode":"Incremental","provisioningState":"Accepted","timestamp":"2019-01-12T19:43:56.3020097Z","duration":"PT1.0320019S","correlationId":"7d95be72-6d2c-4695-a25c-1d043989a8cc","providers":[{"namespace":"Microsoft.Compute","resourceTypes":[{"resourceType":"availabilitySets","locations":["centralus"]},{"resourceType":"virtualMachines","locations":["centralus"]},{"resourceType":"virtualMachines/extensions","locations":["centralus"]}]},{"namespace":"Microsoft.Network","resourceTypes":[{"resourceType":"loadBalancers","locations":["centralus"]},{"resourceType":"networkInterfaces","locations":["centralus"]}]},{"namespace":"Microsoft.Storage","resourceTypes":[{"resourceType":"storageAccounts","locations":["centralus"]}]},{"namespace":"Microsoft.Resources","resourceTypes":[{"resourceType":"deployments","locations":[null]}]}],"dependencies":[{"dependsOn":[{"id":"/subscriptions/00000000-0000-0000-0000-000000000000/resourceGroups/org-iaas-biz-rg/providers/Microsoft.Network/loadBalancers/org-iaas-biz-app-lb","resourceType":"Microsoft.Network/loadBalancers","resourceName":"org-iaas-biz-app-lb"}],"id":"/subscriptions/00000000-0000-0000-0000-000000000000/resourceGroups/org-iaas-biz-rg/providers/Microsoft.Network/networkInterfaces/org-iaas-biz-app-vm1-nic","resourceType":"Microsoft.Network/networkInterfaces","resourceName":"org-iaas-biz-app-vm1-nic"},{"dependsOn":[{"id":"/subscriptions/00000000-0000-0000-0000-000000000000/resourceGroups/org-iaas-biz-rg/providers/Microsoft.Network/loadBalancers/org-iaas-biz-app-lb","resourceType":"Microsoft.Network/loadBalancers","resourceName":"org-iaas-biz-app-lb"}],"id":"/subscriptions/00000000-0000-0000-0000-000000000000/resourceGroups/org-iaas-biz-rg/providers/Microsoft.Network/networkInterfaces/org-iaas-biz-app-vm2-nic","resourceType":"Microsoft.Network/networkInterfaces","resourceName":"org-iaas-biz-app-vm2-nic"},{"dependsOn":[{"id":"/subscriptions/00000000-0000-0000-0000-000000000000/resourceGroups/org-iaas-biz-rg/providers/Microsoft.Compute/availabilitySets/biz-app-as","resourceType":"Microsoft.Compute/availabilitySets","resourceName":"biz-app-as"},{"id":"/subscriptions/00000000-0000-0000-0000-000000000000/resourceGroups/org-iaas-biz-rg/providers/Microsoft.Network/networkInterfaces/org-iaas-biz-app-vm1-nic","resourceType":"Microsoft.Network/networkInterfaces","resourceName":"org-iaas-biz-app-vm1-nic"},{"id":"/subscriptions/00000000-0000-0000-0000-000000000000/resourceGroups/org-iaas-biz-rg/providers/Microsoft.Storage/storageAccounts/bizappdiagk6gbmoac2gk2i","resourceType":"Microsoft.Storage/storageAccounts","resourceName":"bizappdiagk6gbmoac2gk2i"},{"id":"/subscriptions/00000000-0000-0000-0000-000000000000/resourceGroups/org-iaas-biz-rg/providers/Microsoft.Storage/storageAccounts/bizappdiagk6gbmoac2gk2i","resourceType":"Microsoft.Storage/storageAccounts","resourceName":"bizappdiagk6gbmoac2gk2i","apiVersion":"2016-12-01"}],"id":"/subscriptions/00000000-0000-0000-0000-000000000000/resourceGroups/org-iaas-biz-rg/providers/Microsoft.Compute/virtualMachines/org-iaas-biz-app-vm1","resourceType":"Microsoft.Compute/virtualMachines","resourceName":"org-iaas-biz-app-vm1"},{"dependsOn":[{"id":"/subscriptions/00000000-0000-0000-0000-000000000000/resourceGroups/org-iaas-biz-rg/providers/Microsoft.Compute/virtualMachines/org-iaas-biz-app-vm1","resourceType":"Microsoft.Compute/virtualMachines","resourceName":"org-iaas-biz-app-vm1"}],"id":"/subscriptions/00000000-0000-0000-0000-000000000000/resourceGroups/org-iaas-biz-rg/providers/Microsoft.Compute/virtualMachines/org-iaas-biz-app-vm1/extensions/OMSExtension","resourceType":"Microsoft.Compute/virtualMachines/extensions","resourceName":"org-iaas-biz-app-vm1/OMSExtension"},{"dependsOn":[{"id":"/subscriptions/00000000-0000-0000-0000-000000000000/resourceGroups/org-iaas-biz-rg/providers/Microsoft.Compute/virtualMachines/org-iaas-biz-app-vm1","resourceType":"Microsoft.Compute/virtualMachines","resourceName":"org-iaas-biz-app-vm1"},{"id":"/subscriptions/00000000-0000-0000-0000-000000000000/resourceGroups/org-iaas-biz-rg/providers/Microsoft.Compute/virtualMachines/org-iaas-biz-app-vm1/extensions/OMSExtension","resourceType":"Microsoft.Compute/virtualMachines/extensions","resourceName":"org-iaas-biz-app-vm1/OMSExtension"},{"id":"/subscriptions/00000000-0000-0000-0000-000000000000/resourceGroups/org-iaas-biz-rg/providers/Microsoft.Compute/virtualMachines/org-iaas-biz-app-vm2/extensions/OMSExtension","resourceType":"Microsoft.Compute/virtualMachines/extensions","resourceName":"org-iaas-biz-app-vm2/OMSExtension"}],"id":"/subscriptions/00000000-0000-0000-0000-000000000000/resourceGroups/org-iaas-biz-rg/providers/Microsoft.Compute/virtualMachines/org-iaas-biz-app-vm1/extensions/DSCSetupIISAndJoinDomain","resourceType":"Microsoft.Compute/virtualMachines/extensions","resourceName":"org-iaas-biz-app-vm1/DSCSetupIISAndJoinDomain"},{"dependsOn":[{"id":"/subscriptions/00000000-0000-0000-0000-000000000000/resourceGroups/org-iaas-biz-rg/providers/Microsoft.Compute/virtualMachines/org-iaas-biz-app-vm1","resourceType":"Microsoft.Compute/virtualMachines","resourceName":"org-iaas-biz-app-vm1"},{"id":"/subscriptions/00000000-0000-0000-0000-000000000000/resourceGroups/org-iaas-biz-rg/providers/Microsoft.Compute/virtualMachines/org-iaas-biz-app-vm1/extensions/DSCSetupIISAndJoinDomain","resourceType":"Microsoft.Compute/virtualMachines/extensions","resourceName":"org-iaas-biz-app-vm1/DSCSetupIISAndJoinDomain"}],"id":"/subscriptions/00000000-0000-0000-0000-000000000000/resourceGroups/org-iaas-biz-rg/providers/Microsoft.Compute/virtualMachines/org-iaas-biz-app-vm1/extensions/IaaSAntimalware","resourceType":"Microsoft.Compute/virtualMachines/extensions","resourceName":"org-iaas-biz-app-vm1/IaaSAntimalware"},{"dependsOn":[{"id":"/subscriptions/00000000-0000-0000-0000-000000000000/resourceGroups/org-iaas-biz-rg/providers/Microsoft.Compute/virtualMachines/org-iaas-biz-app-vm1","resourceType":"Microsoft.Compute/virtualMachines","resourceName":"org-iaas-biz-app-vm1"},{"id":"/subscriptions/00000000-0000-0000-0000-000000000000/resourceGroups/org-iaas-biz-rg/providers/Microsoft.Compute/virtualMachines/org-iaas-biz-app-vm1/extensions/DSCSetupIISAndJoinDomain","resourceType":"Microsoft.Compute/virtualMachines/extensions","resourceName":"org-iaas-biz-app-vm1/DSCSetupIISAndJoinDomain"}],"id":"/subscriptions/00000000-0000-0000-0000-000000000000/resourceGroups/org-iaas-biz-rg/providers/Microsoft.Compute/virtualMachines/org-iaas-biz-app-vm1/extensions/IaaSDiagnostics","resourceType":"Microsoft.Compute/virtualMachines/extensions","resourceName":"org-iaas-biz-app-vm1/IaaSDiagnostics"},{"dependsOn":[{"id":"/subscriptions/00000000-0000-0000-0000-000000000000/resourceGroups/org-iaas-biz-rg/providers/Microsoft.Compute/virtualMachines/org-iaas-biz-app-vm1","resourceType":"Microsoft.Compute/virtualMachines","resourceName":"org-iaas-biz-app-vm1"},{"id":"/subscriptions/00000000-0000-0000-0000-000000000000/resourceGroups/org-iaas-biz-rg/providers/Microsoft.Compute/virtualMachines/org-iaas-biz-app-vm1/extensions/DSCSetupIISAndJoinDomain","resourceType":"Microsoft.Compute/virtualMachines/extensions","resourceName":"org-iaas-biz-app-vm1/DSCSetupIISAndJoinDomain"}],"id":"/subscriptions/00000000-0000-0000-0000-000000000000/resourceGroups/org-iaas-biz-rg/providers/Microsoft.Compute/virtualMachines/org-iaas-biz-app-vm1/extensions/NetworkWatcher","resourceType":"Microsoft.Compute/virtualMachines/extensions","resourceName":"org-iaas-biz-app-vm1/NetworkWatcher"},{"dependsOn":[{"id":"/subscriptions/00000000-0000-0000-0000-000000000000/resourceGroups/org-iaas-biz-rg/providers/Microsoft.Compute/virtualMachines/org-iaas-biz-app-vm1","resourceType":"Microsoft.Compute/virtualMachines","resourceName":"org-iaas-biz-app-vm1"},{"id":"/subscriptions/00000000-0000-0000-0000-000000000000/resourceGroups/org-iaas-biz-rg/providers/Microsoft.Compute/virtualMachines/org-iaas-biz-app-vm1/extensions/DSCSetupIISAndJoinDomain","resourceType":"Microsoft.Compute/virtualMachines/extensions","resourceName":"org-iaas-biz-app-vm1/DSCSetupIISAndJoinDomain"}],"id":"/subscriptions/00000000-0000-0000-0000-000000000000/resourceGroups/org-iaas-biz-rg/providers/Microsoft.Compute/virtualMachines/org-iaas-biz-app-vm1/extensions/AzureDiskEncryption","resourceType":"Microsoft.Compute/virtualMachines/extensions","resourceName":"org-iaas-biz-app-vm1/AzureDiskEncryption"},{"dependsOn":[{"id":"/subscriptions/00000000-0000-0000-0000-000000000000/resourceGroups/org-iaas-biz-rg/providers/Microsoft.Compute/availabilitySets/biz-app-as","resourceType":"Microsoft.Compute/availabilitySets","resourceName":"biz-app-as"},{"id":"/subscriptions/00000000-0000-0000-0000-000000000000/resourceGroups/org-iaas-biz-rg/providers/Microsoft.Network/networkInterfaces/org-iaas-biz-app-vm2-nic","resourceType":"Microsoft.Network/networkInterfaces","resourceName":"org-iaas-biz-app-vm2-nic"},{"id":"/subscriptions/00000000-0000-0000-0000-000000000000/resourceGroups/org-iaas-biz-rg/providers/Microsoft.Storage/storageAccounts/bizappdiagk6gbmoac2gk2i","resourceType":"Microsoft.Storage/storageAccounts","resourceName":"bizappdiagk6gbmoac2gk2i"},{"id":"/subscriptions/00000000-0000-0000-0000-000000000000/resourceGroups/org-iaas-biz-rg/providers/Microsoft.Storage/storageAccounts/bizappdiagk6gbmoac2gk2i","resourceType":"Microsoft.Storage/storageAccounts","resourceName":"bizappdiagk6gbmoac2gk2i","apiVersion":"2016-12-01"}],"id":"/subscriptions/00000000-0000-0000-0000-000000000000/resourceGroups/org-iaas-biz-rg/providers/Microsoft.Compute/virtualMachines/org-iaas-biz-app-vm2","resourceType":"Microsoft.Compute/virtualMachines","resourceName":"org-iaas-biz-app-vm2"},{"dependsOn":[{"id":"/subscriptions/00000000-0000-0000-0000-000000000000/resourceGroups/org-iaas-biz-rg/providers/Microsoft.Compute/virtualMachines/org-iaas-biz-app-vm2","resourceType":"Microsoft.Compute/virtualMachines","resourceName":"org-iaas-biz-app-vm2"}],"id":"/subscriptions/00000000-0000-0000-0000-000000000000/resourceGroups/org-iaas-biz-rg/providers/Microsoft.Compute/virtualMachines/org-iaas-biz-app-vm2/extensions/OMSExtension","resourceType":"Microsoft.Compute/virtualMachines/extensions","resourceName":"org-iaas-biz-app-vm2/OMSExtension"},{"dependsOn":[{"id":"/subscriptions/00000000-0000-0000-0000-000000000000/resourceGroups/org-iaas-biz-rg/providers/Microsoft.Compute/virtualMachines/org-iaas-biz-app-vm2","resourceType":"Microsoft.Compute/virtualMachines","resourceName":"org-iaas-biz-app-vm2"},{"id":"/subscriptions/00000000-0000-0000-0000-000000000000/resourceGroups/org-iaas-biz-rg/providers/Microsoft.Compute/virtualMachines/org-iaas-biz-app-vm1/extensions/OMSExtension","resourceType":"Microsoft.Compute/virtualMachines/extensions","resourceName":"org-iaas-biz-app-vm1/OMSExtension"},{"id":"/subscriptions/00000000-0000-0000-0000-000000000000/resourceGroups/org-iaas-biz-rg/providers/Microsoft.Compute/virtualMachines/org-iaas-biz-app-vm2/extensions/OMSExtension","resourceType":"Microsoft.Compute/virtualMachines/extensions","resourceName":"org-iaas-biz-app-vm2/OMSExtension"}],"id":"/subscriptions/00000000-0000-0000-0000-000000000000/resourceGroups/org-iaas-biz-rg/providers/Microsoft.Compute/virtualMachines/org-iaas-biz-app-vm2/extensions/DSCSetupIISAndJoinDomain","resourceType":"Microsoft.Compute/virtualMachines/extensions","resourceName":"org-iaas-biz-app-vm2/DSCSetupIISAndJoinDomain"},{"dependsOn":[{"id":"/subscriptions/00000000-0000-0000-0000-000000000000/resourceGroups/org-iaas-biz-rg/providers/Microsoft.Compute/virtualMachines/org-iaas-biz-app-vm2","resourceType":"Microsoft.Compute/virtualMachines","resourceName":"org-iaas-biz-app-vm2"},{"id":"/subscriptions/00000000-0000-0000-0000-000000000000/resourceGroups/org-iaas-biz-rg/providers/Microsoft.Compute/virtualMachines/org-iaas-biz-app-vm2/extensions/DSCSetupIISAndJoinDomain","resourceType":"Microsoft.Compute/virtualMachines/extensions","resourceName":"org-iaas-biz-app-vm2/DSCSetupIISAndJoinDomain"}],"id":"/subscriptions/00000000-0000-0000-0000-000000000000/resourceGroups/org-iaas-biz-rg/providers/Microsoft.Compute/virtualMachines/org-iaas-biz-app-vm2/extensions/IaaSAntimalware","resourceType":"Microsoft.Compute/virtualMachines/extensions","resourceName":"org-iaas-biz-app-vm2/IaaSAntimalware"},{"dependsOn":[{"id":"/subscriptions/00000000-0000-0000-0000-000000000000/resourceGroups/org-iaas-biz-rg/providers/Microsoft.Compute/virtualMachines/org-iaas-biz-app-vm2","resourceType":"Microsoft.Compute/virtualMachines","resourceName":"org-iaas-biz-app-vm2"},{"id":"/subscriptions/00000000-0000-0000-0000-000000000000/resourceGroups/org-iaas-biz-rg/providers/Microsoft.Compute/virtualMachines/org-iaas-biz-app-vm2/extensions/DSCSetupIISAndJoinDomain","resourceType":"Microsoft.Compute/virtualMachines/extensions","resourceName":"org-iaas-biz-app-vm2/DSCSetupIISAndJoinDomain"}],"id":"/subscriptions/00000000-0000-0000-0000-000000000000/resourceGroups/org-iaas-biz-rg/providers/Microsoft.Compute/virtualMachines/org-iaas-biz-app-vm2/extensions/IaaSDiagnostics","resourceType":"Microsoft.Compute/virtualMachines/extensions","resourceName":"org-iaas-biz-app-vm2/IaaSDiagnostics"},{"dependsOn":[{"id":"/subscriptions/00000000-0000-0000-0000-000000000000/resourceGroups/org-iaas-biz-rg/providers/Microsoft.Compute/virtualMachines/org-iaas-biz-app-vm2","resourceType":"Microsoft.Compute/virtualMachines","resourceName":"org-iaas-biz-app-vm2"},{"id":"/subscriptions/00000000-0000-0000-0000-000000000000/resourceGroups/org-iaas-biz-rg/providers/Microsoft.Compute/virtualMachines/org-iaas-biz-app-vm2/extensions/DSCSetupIISAndJoinDomain","resourceType":"Microsoft.Compute/virtualMachines/extensions","resourceName":"org-iaas-biz-app-vm2/DSCSetupIISAndJoinDomain"}],"id":"/subscriptions/00000000-0000-0000-0000-000000000000/resourceGroups/org-iaas-biz-rg/providers/Microsoft.Compute/virtualMachines/org-iaas-biz-app-vm2/extensions/NetworkWatcher","resourceType":"Microsoft.Compute/virtualMachines/extensions","resourceName":"org-iaas-biz-app-vm2/NetworkWatcher"},{"dependsOn":[{"id":"/subscriptions/00000000-0000-0000-0000-000000000000/resourceGroups/org-iaas-biz-rg/providers/Microsoft.Compute/virtualMachines/org-iaas-biz-app-vm2","resourceType":"Microsoft.Compute/virtualMachines","resourceName":"org-iaas-biz-app-vm2"},{"id":"/subscriptions/00000000-0000-0000-0000-000000000000/resourceGroups/org-iaas-biz-rg/providers/Microsoft.Compute/virtualMachines/org-iaas-biz-app-vm2/extensions/DSCSetupIISAndJoinDomain","resourceType":"Microsoft.Compute/virtualMachines/extensions","resourceName":"org-iaas-biz-app-vm2/DSCSetupIISAndJoinDomain"}],"id":"/subscriptions/00000000-0000-0000-0000-000000000000/resourceGroups/org-iaas-biz-rg/providers/Microsoft.Compute/virtualMachines/org-iaas-biz-app-vm2/extensions/AzureDiskEncryption","resourceType":"Microsoft.Compute/virtualMachines/extensions","resourceName":"org-iaas-biz-app-vm2/AzureDiskEncryption"},{"dependsOn":[{"id":"/subscriptions/00000000-0000-0000-0000-000000000000/resourceGroups/org-iaas-biz-rg/providers/Microsoft.Compute/virtualMachines/org-iaas-biz-app-vm1","resourceType":"Microsoft.Compute/virtualMachines","resourceName":"org-iaas-biz-app-vm1"},{"id":"/subscriptions/00000000-0000-0000-0000-000000000000/resourceGroups/org-iaas-biz-rg/providers/Microsoft.Compute/virtualMachines/org-iaas-biz-app-vm1/extensions/OMSExtension","resourceType":"Microsoft.Compute/virtualMachines/extensions","resourceName":"org-iaas-biz-app-vm1/OMSExtension"},{"id":"/subscriptions/00000000-0000-0000-0000-000000000000/resourceGroups/org-iaas-biz-rg/providers/Microsoft.Compute/virtualMachines/org-iaas-biz-app-vm1/extensions/DSCSetupIISAndJoinDomain","resourceType":"Microsoft.Compute/virtualMachines/extensions","resourceName":"org-iaas-biz-app-vm1/DSCSetupIISAndJoinDomain"},{"id":"/subscriptions/00000000-0000-0000-0000-000000000000/resourceGroups/org-iaas-biz-rg/providers/Microsoft.Compute/virtualMachines/org-iaas-biz-app-vm1/extensions/IaaSAntimalware","resourceType":"Microsoft.Compute/virtualMachines/extensions","resourceName":"org-iaas-biz-app-vm1/IaaSAntimalware"},{"id":"/subscriptions/00000000-0000-0000-0000-000000000000/resourceGroups/org-iaas-biz-rg/providers/Microsoft.Compute/virtualMachines/org-iaas-biz-app-vm1/extensions/IaaSDiagnostics","resourceType":"Microsoft.Compute/virtualMachines/extensions","resourceName":"org-iaas-biz-app-vm1/IaaSDiagnostics"},{"id":"/subscriptions/00000000-0000-0000-0000-000000000000/resourceGroups/org-iaas-biz-rg/providers/Microsoft.Compute/virtualMachines/org-iaas-biz-app-vm1/extensions/NetworkWatcher","resourceType":"Microsoft.Compute/virtualMachines/extensions","resourceName":"org-iaas-biz-app-vm1/NetworkWatcher"},{"id":"/subscriptions/00000000-0000-0000-0000-000000000000/resourceGroups/org-iaas-biz-rg/providers/Microsoft.Compute/virtualMachines/org-iaas-biz-app-vm1/extensions/AzureDiskEncryption","resourceType":"Microsoft.Compute/virtualMachines/extensions","resourceName":"org-iaas-biz-app-vm1/AzureDiskEncryption"},{"id":"/subscriptions/00000000-0000-0000-0000-000000000000/resourceGroups/org-iaas-biz-rg/providers/Microsoft.Compute/virtualMachines/org-iaas-biz-app-vm2","resourceType":"Microsoft.Compute/virtualMachines","resourceName":"org-iaas-biz-app-vm2"},{"id":"/subscriptions/00000000-0000-0000-0000-000000000000/resourceGroups/org-iaas-biz-rg/providers/Microsoft.Compute/virtualMachines/org-iaas-biz-app-vm2/extensions/OMSExtension","resourceType":"Microsoft.Compute/virtualMachines/extensions","resourceName":"org-iaas-biz-app-vm2/OMSExtension"},{"id":"/subscriptions/00000000-0000-0000-0000-000000000000/resourceGroups/org-iaas-biz-rg/providers/Microsoft.Compute/virtualMachines/org-iaas-biz-app-vm2/extensions/DSCSetupIISAndJoinDomain","resourceType":"Microsoft.Compute/virtualMachines/extensions","resourceName":"org-iaas-biz-app-vm2/DSCSetupIISAndJoinDomain"},{"id":"/subscriptions/00000000-0000-0000-0000-000000000000/resourceGroups/org-iaas-biz-rg/providers/Microsoft.Compute/virtualMachines/org-iaas-biz-app-vm2/extensions/IaaSAntimalware","resourceType":"Microsoft.Compute/virtualMachines/extensions","resourceName":"org-iaas-biz-app-vm2/IaaSAntimalware"},{"id":"/subscriptions/00000000-0000-0000-0000-000000000000/resourceGroups/org-iaas-biz-rg/providers/Microsoft.Compute/virtualMachines/org-iaas-biz-app-vm2/extensions/IaaSDiagnostics","resourceType":"Microsoft.Compute/virtualMachines/extensions","resourceName":"org-iaas-biz-app-vm2/IaaSDiagnostics"},{"id":"/subscriptions/00000000-0000-0000-0000-000000000000/resourceGroups/org-iaas-biz-rg/providers/Microsoft.Compute/virtualMachines/org-iaas-biz-app-vm2/extensions/NetworkWatcher","resourceType":"Microsoft.Compute/virtualMachines/extensions","resourceName":"org-iaas-biz-app-vm2/NetworkWatcher"},{"id":"/subscriptions/00000000-0000-0000-0000-000000000000/resourceGroups/org-iaas-biz-rg/providers/Microsoft.Compute/virtualMachines/org-iaas-biz-app-vm2/extensions/AzureDiskEncryption","resourceType":"Microsoft.Compute/virtualMachines/extensions","resourceName":"org-iaas-biz-app-vm2/AzureDiskEncryption"}],"id":"/subscriptions/00000000-0000-0000-0000-000000000000/resourceGroups/org-iaas-biz-rg/providers/Microsoft.Resources/deployments/vm1OSEncryptionNestedDeployment","resourceType":"Microsoft.Resources/deployments","resourceName":"vm1OSEncryptionNestedDeployment"},{"dependsOn":[{"id":"/subscriptions/00000000-0000-0000-0000-000000000000/resourceGroups/org-iaas-biz-rg/providers/Microsoft.Compute/virtualMachines/org-iaas-biz-app-vm1","resourceType":"Microsoft.Compute/virtualMachines","resourceName":"org-iaas-biz-app-vm1"},{"id":"/subscriptions/00000000-0000-0000-0000-000000000000/resourceGroups/org-iaas-biz-rg/providers/Microsoft.Compute/virtualMachines/org-iaas-biz-app-vm1/extensions/OMSExtension","resourceType":"Microsoft.Compute/virtualMachines/extensions","resourceName":"org-iaas-biz-app-vm1/OMSExtension"},{"id":"/subscriptions/00000000-0000-0000-0000-000000000000/resourceGroups/org-iaas-biz-rg/providers/Microsoft.Compute/virtualMachines/org-iaas-biz-app-vm1/extensions/DSCSetupIISAndJoinDomain","resourceType":"Microsoft.Compute/virtualMachines/extensions","resourceName":"org-iaas-biz-app-vm1/DSCSetupIISAndJoinDomain"},{"id":"/subscriptions/00000000-0000-0000-0000-000000000000/resourceGroups/org-iaas-biz-rg/providers/Microsoft.Compute/virtualMachines/org-iaas-biz-app-vm1/extensions/IaaSAntimalware","resourceType":"Microsoft.Compute/virtualMachines/extensions","resourceName":"org-iaas-biz-app-vm1/IaaSAntimalware"},{"id":"/subscriptions/00000000-0000-0000-0000-000000000000/resourceGroups/org-iaas-biz-rg/providers/Microsoft.Compute/virtualMachines/org-iaas-biz-app-vm1/extensions/IaaSDiagnostics","resourceType":"Microsoft.Compute/virtualMachines/extensions","resourceName":"org-iaas-biz-app-vm1/IaaSDiagnostics"},{"id":"/subscriptions/00000000-0000-0000-0000-000000000000/resourceGroups/org-iaas-biz-rg/providers/Microsoft.Compute/virtualMachines/org-iaas-biz-app-vm1/extensions/NetworkWatcher","resourceType":"Microsoft.Compute/virtualMachines/extensions","resourceName":"org-iaas-biz-app-vm1/NetworkWatcher"},{"id":"/subscriptions/00000000-0000-0000-0000-000000000000/resourceGroups/org-iaas-biz-rg/providers/Microsoft.Compute/virtualMachines/org-iaas-biz-app-vm1/extensions/AzureDiskEncryption","resourceType":"Microsoft.Compute/virtualMachines/extensions","resourceName":"org-iaas-biz-app-vm1/AzureDiskEncryption"},{"id":"/subscriptions/00000000-0000-0000-0000-000000000000/resourceGroups/org-iaas-biz-rg/providers/Microsoft.Compute/virtualMachines/org-iaas-biz-app-vm2","resourceType":"Microsoft.Compute/virtualMachines","resourceName":"org-iaas-biz-app-vm2"},{"id":"/subscriptions/00000000-0000-0000-0000-000000000000/resourceGroups/org-iaas-biz-rg/providers/Microsoft.Compute/virtualMachines/org-iaas-biz-app-vm2/extensions/OMSExtension","resourceType":"Microsoft.Compute/virtualMachines/extensions","resourceName":"org-iaas-biz-app-vm2/OMSExtension"},{"id":"/subscriptions/00000000-0000-0000-0000-000000000000/resourceGroups/org-iaas-biz-rg/providers/Microsoft.Compute/virtualMachines/org-iaas-biz-app-vm2/extensions/DSCSetupIISAndJoinDomain","resourceType":"Microsoft.Compute/virtualMachines/extensions","resourceName":"org-iaas-biz-app-vm2/DSCSetupIISAndJoinDomain"},{"id":"/subscriptions/00000000-0000-0000-0000-000000000000/resourceGroups/org-iaas-biz-rg/providers/Microsoft.Compute/virtualMachines/org-iaas-biz-app-vm2/extensions/IaaSAntimalware","resourceType":"Microsoft.Compute/virtualMachines/extensions","resourceName":"org-iaas-biz-app-vm2/IaaSAntimalware"},{"id":"/subscriptions/00000000-0000-0000-0000-000000000000/resourceGroups/org-iaas-biz-rg/providers/Microsoft.Compute/virtualMachines/org-iaas-biz-app-vm2/extensions/IaaSDiagnostics","resourceType":"Microsoft.Compute/virtualMachines/extensions","resourceName":"org-iaas-biz-app-vm2/IaaSDiagnostics"},{"id":"/subscriptions/00000000-0000-0000-0000-000000000000/resourceGroups/org-iaas-biz-rg/providers/Microsoft.Compute/virtualMachines/org-iaas-biz-app-vm2/extensions/NetworkWatcher","resourceType":"Microsoft.Compute/virtualMachines/extensions","resourceName":"org-iaas-biz-app-vm2/NetworkWatcher"},{"id":"/subscriptions/00000000-0000-0000-0000-000000000000/resourceGroups/org-iaas-biz-rg/providers/Microsoft.Compute/virtualMachines/org-iaas-biz-app-vm2/extensions/AzureDiskEncryption","resourceType":"Microsoft.Compute/virtualMachines/extensions","resourceName":"org-iaas-biz-app-vm2/AzureDiskEncryption"}],"id":"/subscriptions/00000000-0000-0000-0000-000000000000/resourceGroups/org-iaas-biz-rg/providers/Microsoft.Resources/deployments/vm2OSEncryptionNestedDeployment","resourceType":"Microsoft.Resources/deployments","resourceName":"vm2OSEncryptionNestedDeployment"},{"dependsOn":[{"id":"/subscriptions/00000000-0000-0000-0000-000000000000/resourceGroups/org-iaas-biz-rg/providers/Microsoft.Compute/virtualMachines/org-iaas-biz-app-vm1","resourceType":"Microsoft.Compute/virtualMachines","resourceName":"org-iaas-biz-app-vm1"},{"id":"/subscriptions/00000000-0000-0000-0000-000000000000/resourceGroups/org-iaas-biz-rg/providers/Microsoft.Compute/virtualMachines/org-iaas-biz-app-vm1/extensions/OMSExtension","resourceType":"Microsoft.Compute/virtualMachines/extensions","resourceName":"org-iaas-biz-app-vm1/OMSExtension"},{"id":"/subscriptions/00000000-0000-0000-0000-000000000000/resourceGroups/org-iaas-biz-rg/providers/Microsoft.Compute/virtualMachines/org-iaas-biz-app-vm1/extensions/DSCSetupIISAndJoinDomain","resourceType":"Microsoft.Compute/virtualMachines/extensions","resourceName":"org-iaas-biz-app-vm1/DSCSetupIISAndJoinDomain"},{"id":"/subscriptions/00000000-0000-0000-0000-000000000000/resourceGroups/org-iaas-biz-rg/providers/Microsoft.Compute/virtualMachines/org-iaas-biz-app-vm1/extensions/IaaSAntimalware","resourceType":"Microsoft.Compute/virtualMachines/extensions","resourceName":"org-iaas-biz-app-vm1/IaaSAntimalware"},{"id":"/subscriptions/00000000-0000-0000-0000-000000000000/resourceGroups/org-iaas-biz-rg/providers/Microsoft.Compute/virtualMachines/org-iaas-biz-app-vm1/extensions/IaaSDiagnostics","resourceType":"Microsoft.Compute/virtualMachines/extensions","resourceName":"org-iaas-biz-app-vm1/IaaSDiagnostics"},{"id":"/subscriptions/00000000-0000-0000-0000-000000000000/resourceGroups/org-iaas-biz-rg/providers/Microsoft.Compute/virtualMachines/org-iaas-biz-app-vm1/extensions/NetworkWatcher","resourceType":"Microsoft.Compute/virtualMachines/extensions","resourceName":"org-iaas-biz-app-vm1/NetworkWatcher"},{"id":"/subscriptions/00000000-0000-0000-0000-000000000000/resourceGroups/org-iaas-biz-rg/providers/Microsoft.Compute/virtualMachines/org-iaas-biz-app-vm1/extensions/AzureDiskEncryption","resourceType":"Microsoft.Compute/virtualMachines/extensions","resourceName":"org-iaas-biz-app-vm1/AzureDiskEncryption"},{"id":"/subscriptions/00000000-0000-0000-0000-000000000000/resourceGroups/org-iaas-biz-rg/providers/Microsoft.Compute/virtualMachines/org-iaas-biz-app-vm2","resourceType":"Microsoft.Compute/virtualMachines","resourceName":"org-iaas-biz-app-vm2"},{"id":"/subscriptions/00000000-0000-0000-0000-000000000000/resourceGroups/org-iaas-biz-rg/providers/Microsoft.Compute/virtualMachines/org-iaas-biz-app-vm2/extensions/OMSExtension","resourceType":"Microsoft.Compute/virtualMachines/extensions","resourceName":"org-iaas-biz-app-vm2/OMSExtension"},{"id":"/subscriptions/00000000-0000-0000-0000-000000000000/resourceGroups/org-iaas-biz-rg/providers/Microsoft.Compute/virtualMachines/org-iaas-biz-app-vm2/extensions/DSCSetupIISAndJoinDomain","resourceType":"Microsoft.Compute/virtualMachines/extensions","resourceName":"org-iaas-biz-app-vm2/DSCSetupIISAndJoinDomain"},{"id":"/subscriptions/00000000-0000-0000-0000-000000000000/resourceGroups/org-iaas-biz-rg/providers/Microsoft.Compute/virtualMachines/org-iaas-biz-app-vm2/extensions/IaaSAntimalware","resourceType":"Microsoft.Compute/virtualMachines/extensions","resourceName":"org-iaas-biz-app-vm2/IaaSAntimalware"},{"id":"/subscriptions/00000000-0000-0000-0000-000000000000/resourceGroups/org-iaas-biz-rg/providers/Microsoft.Compute/virtualMachines/org-iaas-biz-app-vm2/extensions/IaaSDiagnostics","resourceType":"Microsoft.Compute/virtualMachines/extensions","resourceName":"org-iaas-biz-app-vm2/IaaSDiagnostics"},{"id":"/subscriptions/00000000-0000-0000-0000-000000000000/resourceGroups/org-iaas-biz-rg/providers/Microsoft.Compute/virtualMachines/org-iaas-biz-app-vm2/extensions/NetworkWatcher","resourceType":"Microsoft.Compute/virtualMachines/extensions","resourceName":"org-iaas-biz-app-vm2/NetworkWatcher"},{"id":"/subscriptions/00000000-0000-0000-0000-000000000000/resourceGroups/org-iaas-biz-rg/providers/Microsoft.Compute/virtualMachines/org-iaas-biz-app-vm2/extensions/AzureDiskEncryption","resourceType":"Microsoft.Compute/virtualMachines/extensions","resourceName":"org-iaas-biz-app-vm2/AzureDiskEncryption"}],"id":"/subscriptions/00000000-0000-0000-0000-000000000000/resourceGroups/org-iaas-biz-rg/providers/Microsoft.Resources/deployments/vm1NestedDeploymentInstallIIS","resourceType":"Microsoft.Resources/deployments","resourceName":"vm1NestedDeploymentInstallIIS"},{"dependsOn":[{"id":"/subscriptions/00000000-0000-0000-0000-000000000000/resourceGroups/org-iaas-biz-rg/providers/Microsoft.Compute/virtualMachines/org-iaas-biz-app-vm1","resourceType":"Microsoft.Compute/virtualMachines","resourceName":"org-iaas-biz-app-vm1"},{"id":"/subscriptions/00000000-0000-0000-0000-000000000000/resourceGroups/org-iaas-biz-rg/providers/Microsoft.Compute/virtualMachines/org-iaas-biz-app-vm1/extensions/OMSExtension","resourceType":"Microsoft.Compute/virtualMachines/extensions","resourceName":"org-iaas-biz-app-vm1/OMSExtension"},{"id":"/subscriptions/00000000-0000-0000-0000-000000000000/resourceGroups/org-iaas-biz-rg/providers/Microsoft.Compute/virtualMachines/org-iaas-biz-app-vm1/extensions/DSCSetupIISAndJoinDomain","resourceType":"Microsoft.Compute/virtualMachines/extensions","resourceName":"org-iaas-biz-app-vm1/DSCSetupIISAndJoinDomain"},{"id":"/subscriptions/00000000-0000-0000-0000-000000000000/resourceGroups/org-iaas-biz-rg/providers/Microsoft.Compute/virtualMachines/org-iaas-biz-app-vm1/extensions/IaaSAntimalware","resourceType":"Microsoft.Compute/virtualMachines/extensions","resourceName":"org-iaas-biz-app-vm1/IaaSAntimalware"},{"id":"/subscriptions/00000000-0000-0000-0000-000000000000/resourceGroups/org-iaas-biz-rg/providers/Microsoft.Compute/virtualMachines/org-iaas-biz-app-vm1/extensions/IaaSDiagnostics","resourceType":"Microsoft.Compute/virtualMachines/extensions","resourceName":"org-iaas-biz-app-vm1/IaaSDiagnostics"},{"id":"/subscriptions/00000000-0000-0000-0000-000000000000/resourceGroups/org-iaas-biz-rg/providers/Microsoft.Compute/virtualMachines/org-iaas-biz-app-vm1/extensions/NetworkWatcher","resourceType":"Microsoft.Compute/virtualMachines/extensions","resourceName":"org-iaas-biz-app-vm1/NetworkWatcher"},{"id":"/subscriptions/00000000-0000-0000-0000-000000000000/resourceGroups/org-iaas-biz-rg/providers/Microsoft.Compute/virtualMachines/org-iaas-biz-app-vm1/extensions/AzureDiskEncryption","resourceType":"Microsoft.Compute/virtualMachines/extensions","resourceName":"org-iaas-biz-app-vm1/AzureDiskEncryption"},{"id":"/subscriptions/00000000-0000-0000-0000-000000000000/resourceGroups/org-iaas-biz-rg/providers/Microsoft.Compute/virtualMachines/org-iaas-biz-app-vm2","resourceType":"Microsoft.Compute/virtualMachines","resourceName":"org-iaas-biz-app-vm2"},{"id":"/subscriptions/00000000-0000-0000-0000-000000000000/resourceGroups/org-iaas-biz-rg/providers/Microsoft.Compute/virtualMachines/org-iaas-biz-app-vm2/extensions/OMSExtension","resourceType":"Microsoft.Compute/virtualMachines/extensions","resourceName":"org-iaas-biz-app-vm2/OMSExtension"},{"id":"/subscriptions/00000000-0000-0000-0000-000000000000/resourceGroups/org-iaas-biz-rg/providers/Microsoft.Compute/virtualMachines/org-iaas-biz-app-vm2/extensions/DSCSetupIISAndJoinDomain","resourceType":"Microsoft.Compute/virtualMachines/extensions","resourceName":"org-iaas-biz-app-vm2/DSCSetupIISAndJoinDomain"},{"id":"/subscriptions/00000000-0000-0000-0000-000000000000/resourceGroups/org-iaas-biz-rg/providers/Microsoft.Compute/virtualMachines/org-iaas-biz-app-vm2/extensions/IaaSAntimalware","resourceType":"Microsoft.Compute/virtualMachines/extensions","resourceName":"org-iaas-biz-app-vm2/IaaSAntimalware"},{"id":"/subscriptions/00000000-0000-0000-0000-000000000000/resourceGroups/org-iaas-biz-rg/providers/Microsoft.Compute/virtualMachines/org-iaas-biz-app-vm2/extensions/IaaSDiagnostics","resourceType":"Microsoft.Compute/virtualMachines/extensions","resourceName":"org-iaas-biz-app-vm2/IaaSDiagnostics"},{"id":"/subscriptions/00000000-0000-0000-0000-000000000000/resourceGroups/org-iaas-biz-rg/providers/Microsoft.Compute/virtualMachines/org-iaas-biz-app-vm2/extensions/NetworkWatcher","resourceType":"Microsoft.Compute/virtualMachines/extensions","resourceName":"org-iaas-biz-app-vm2/NetworkWatcher"},{"id":"/subscriptions/00000000-0000-0000-0000-000000000000/resourceGroups/org-iaas-biz-rg/providers/Microsoft.Compute/virtualMachines/org-iaas-biz-app-vm2/extensions/AzureDiskEncryption","resourceType":"Microsoft.Compute/virtualMachines/extensions","resourceName":"org-iaas-biz-app-vm2/AzureDiskEncryption"}],"id":"/subscriptions/00000000-0000-0000-0000-000000000000/resourceGroups/org-iaas-biz-rg/providers/Microsoft.Resources/deployments/vm2NestedDeploymentInstallIIS","resourceType":"Microsoft.Resources/deployments","resourceName":"vm2NestedDeploymentInstallIIS"}]}}'}
    headers:
      azure-asyncoperation: ['https://management.azure.com/subscriptions/00000000-0000-0000-0000-000000000000/resourcegroups/org-iaas-biz-rg/providers/Microsoft.Resources/deployments/org-workload-iaas-deployment-vmapp-biz-lb/operationStatuses/08586542846502077273?api-version=2018-05-01']
      cache-control: [no-cache]
      content-length: ['37602']
      content-type: [application/json; charset=utf-8]
      date: ['Sat, 12 Jan 2019 19:43:56 GMT']
      expires: ['-1']
      pragma: [no-cache]
      strict-transport-security: [max-age=31536000; includeSubDomains]
      transfer-encoding: [chunked]
      vary: [Accept-Encoding]
      x-content-type-options: [nosniff]
      x-ms-ratelimit-remaining-subscription-writes: ['1197']
    status: {code: 200, message: OK}
- request:
    body: null
    headers:
      Accept: [application/json]
      Accept-Encoding: ['gzip, deflate']
      Connection: [keep-alive]
      User-Agent: [python/3.6.4 (Linux-4.9.125-linuxkit-x86_64-with) msrest/0.6.2
          msrest_azure/0.6.0 resourcemanagementclient/2.0.0 Azure-SDK-For-Python]
    method: GET
    uri: https://management.azure.com/subscriptions/00000000-0000-0000-0000-000000000000/resourcegroups/org-iaas-biz-rg/providers/Microsoft.Resources/deployments/org-workload-iaas-deployment-vmapp-biz-lb/operationStatuses/08586542846502077273?api-version=2018-05-01
  response:
    body: {string: '{"status":"Running"}'}
    headers:
      cache-control: [no-cache]
      content-length: ['20']
      content-type: [application/json; charset=utf-8]
      date: ['Sat, 12 Jan 2019 19:44:27 GMT']
      expires: ['-1']
      pragma: [no-cache]
      strict-transport-security: [max-age=31536000; includeSubDomains]
      vary: [Accept-Encoding]
      x-content-type-options: [nosniff]
    status: {code: 200, message: OK}
- request:
    body: null
    headers:
      Accept: [application/json]
      Accept-Encoding: ['gzip, deflate']
      Connection: [keep-alive]
      User-Agent: [python/3.6.4 (Linux-4.9.125-linuxkit-x86_64-with) msrest/0.6.2
          msrest_azure/0.6.0 resourcemanagementclient/2.0.0 Azure-SDK-For-Python]
    method: GET
    uri: https://management.azure.com/subscriptions/00000000-0000-0000-0000-000000000000/resourcegroups/org-iaas-biz-rg/providers/Microsoft.Resources/deployments/org-workload-iaas-deployment-vmapp-biz-lb/operationStatuses/08586542846502077273?api-version=2018-05-01
  response:
    body: {string: '{"status":"Running"}'}
    headers:
      cache-control: [no-cache]
      content-length: ['20']
      content-type: [application/json; charset=utf-8]
      date: ['Sat, 12 Jan 2019 19:44:57 GMT']
      expires: ['-1']
      pragma: [no-cache]
      strict-transport-security: [max-age=31536000; includeSubDomains]
      vary: [Accept-Encoding]
      x-content-type-options: [nosniff]
    status: {code: 200, message: OK}
- request:
    body: null
    headers:
      Accept: [application/json]
      Accept-Encoding: ['gzip, deflate']
      Connection: [keep-alive]
      User-Agent: [python/3.6.4 (Linux-4.9.125-linuxkit-x86_64-with) msrest/0.6.2
          msrest_azure/0.6.0 resourcemanagementclient/2.0.0 Azure-SDK-For-Python]
    method: GET
    uri: https://management.azure.com/subscriptions/00000000-0000-0000-0000-000000000000/resourcegroups/org-iaas-biz-rg/providers/Microsoft.Resources/deployments/org-workload-iaas-deployment-vmapp-biz-lb/operationStatuses/08586542846502077273?api-version=2018-05-01
  response:
    body: {string: '{"status":"Running"}'}
    headers:
      cache-control: [no-cache]
      content-length: ['20']
      content-type: [application/json; charset=utf-8]
      date: ['Sat, 12 Jan 2019 19:45:27 GMT']
      expires: ['-1']
      pragma: [no-cache]
      strict-transport-security: [max-age=31536000; includeSubDomains]
      vary: [Accept-Encoding]
      x-content-type-options: [nosniff]
    status: {code: 200, message: OK}
- request:
    body: null
    headers:
      Accept: [application/json]
      Accept-Encoding: ['gzip, deflate']
      Connection: [keep-alive]
      User-Agent: [python/3.6.4 (Linux-4.9.125-linuxkit-x86_64-with) msrest/0.6.2
          msrest_azure/0.6.0 resourcemanagementclient/2.0.0 Azure-SDK-For-Python]
    method: GET
    uri: https://management.azure.com/subscriptions/00000000-0000-0000-0000-000000000000/resourcegroups/org-iaas-biz-rg/providers/Microsoft.Resources/deployments/org-workload-iaas-deployment-vmapp-biz-lb/operationStatuses/08586542846502077273?api-version=2018-05-01
  response:
    body: {string: '{"status":"Running"}'}
    headers:
      cache-control: [no-cache]
      content-length: ['20']
      content-type: [application/json; charset=utf-8]
      date: ['Sat, 12 Jan 2019 19:45:58 GMT']
      expires: ['-1']
      pragma: [no-cache]
      strict-transport-security: [max-age=31536000; includeSubDomains]
      vary: [Accept-Encoding]
      x-content-type-options: [nosniff]
    status: {code: 200, message: OK}
- request:
    body: null
    headers:
      Accept: [application/json]
      Accept-Encoding: ['gzip, deflate']
      Connection: [keep-alive]
      User-Agent: [python/3.6.4 (Linux-4.9.125-linuxkit-x86_64-with) msrest/0.6.2
          msrest_azure/0.6.0 resourcemanagementclient/2.0.0 Azure-SDK-For-Python]
    method: GET
    uri: https://management.azure.com/subscriptions/00000000-0000-0000-0000-000000000000/resourcegroups/org-iaas-biz-rg/providers/Microsoft.Resources/deployments/org-workload-iaas-deployment-vmapp-biz-lb/operationStatuses/08586542846502077273?api-version=2018-05-01
  response:
    body: {string: '{"status":"Running"}'}
    headers:
      cache-control: [no-cache]
      content-length: ['20']
      content-type: [application/json; charset=utf-8]
      date: ['Sat, 12 Jan 2019 19:46:28 GMT']
      expires: ['-1']
      pragma: [no-cache]
      strict-transport-security: [max-age=31536000; includeSubDomains]
      vary: [Accept-Encoding]
      x-content-type-options: [nosniff]
    status: {code: 200, message: OK}
- request:
    body: null
    headers:
      Accept: [application/json]
      Accept-Encoding: ['gzip, deflate']
      Connection: [keep-alive]
      User-Agent: [python/3.6.4 (Linux-4.9.125-linuxkit-x86_64-with) msrest/0.6.2
          msrest_azure/0.6.0 resourcemanagementclient/2.0.0 Azure-SDK-For-Python]
    method: GET
    uri: https://management.azure.com/subscriptions/00000000-0000-0000-0000-000000000000/resourcegroups/org-iaas-biz-rg/providers/Microsoft.Resources/deployments/org-workload-iaas-deployment-vmapp-biz-lb/operationStatuses/08586542846502077273?api-version=2018-05-01
  response:
    body: {string: '{"status":"Running"}'}
    headers:
      cache-control: [no-cache]
      content-length: ['20']
      content-type: [application/json; charset=utf-8]
      date: ['Sat, 12 Jan 2019 19:46:58 GMT']
      expires: ['-1']
      pragma: [no-cache]
      strict-transport-security: [max-age=31536000; includeSubDomains]
      vary: [Accept-Encoding]
      x-content-type-options: [nosniff]
    status: {code: 200, message: OK}
- request:
    body: null
    headers:
      Accept: [application/json]
      Accept-Encoding: ['gzip, deflate']
      Connection: [keep-alive]
      User-Agent: [python/3.6.4 (Linux-4.9.125-linuxkit-x86_64-with) msrest/0.6.2
          msrest_azure/0.6.0 resourcemanagementclient/2.0.0 Azure-SDK-For-Python]
    method: GET
    uri: https://management.azure.com/subscriptions/00000000-0000-0000-0000-000000000000/resourcegroups/org-iaas-biz-rg/providers/Microsoft.Resources/deployments/org-workload-iaas-deployment-vmapp-biz-lb/operationStatuses/08586542846502077273?api-version=2018-05-01
  response:
    body: {string: '{"status":"Running"}'}
    headers:
      cache-control: [no-cache]
      content-length: ['20']
      content-type: [application/json; charset=utf-8]
      date: ['Sat, 12 Jan 2019 19:47:29 GMT']
      expires: ['-1']
      pragma: [no-cache]
      strict-transport-security: [max-age=31536000; includeSubDomains]
      vary: [Accept-Encoding]
      x-content-type-options: [nosniff]
    status: {code: 200, message: OK}
- request:
    body: null
    headers:
      Accept: [application/json]
      Accept-Encoding: ['gzip, deflate']
      Connection: [keep-alive]
      User-Agent: [python/3.6.4 (Linux-4.9.125-linuxkit-x86_64-with) msrest/0.6.2
          msrest_azure/0.6.0 resourcemanagementclient/2.0.0 Azure-SDK-For-Python]
    method: GET
    uri: https://management.azure.com/subscriptions/00000000-0000-0000-0000-000000000000/resourcegroups/org-iaas-biz-rg/providers/Microsoft.Resources/deployments/org-workload-iaas-deployment-vmapp-biz-lb/operationStatuses/08586542846502077273?api-version=2018-05-01
  response:
    body: {string: '{"status":"Running"}'}
    headers:
      cache-control: [no-cache]
      content-length: ['20']
      content-type: [application/json; charset=utf-8]
      date: ['Sat, 12 Jan 2019 19:47:59 GMT']
      expires: ['-1']
      pragma: [no-cache]
      strict-transport-security: [max-age=31536000; includeSubDomains]
      vary: [Accept-Encoding]
      x-content-type-options: [nosniff]
    status: {code: 200, message: OK}
- request:
    body: null
    headers:
      Accept: [application/json]
      Accept-Encoding: ['gzip, deflate']
      Connection: [keep-alive]
      User-Agent: [python/3.6.4 (Linux-4.9.125-linuxkit-x86_64-with) msrest/0.6.2
          msrest_azure/0.6.0 resourcemanagementclient/2.0.0 Azure-SDK-For-Python]
    method: GET
    uri: https://management.azure.com/subscriptions/00000000-0000-0000-0000-000000000000/resourcegroups/org-iaas-biz-rg/providers/Microsoft.Resources/deployments/org-workload-iaas-deployment-vmapp-biz-lb/operationStatuses/08586542846502077273?api-version=2018-05-01
  response:
    body: {string: '{"status":"Running"}'}
    headers:
      cache-control: [no-cache]
      content-length: ['20']
      content-type: [application/json; charset=utf-8]
      date: ['Sat, 12 Jan 2019 19:48:29 GMT']
      expires: ['-1']
      pragma: [no-cache]
      strict-transport-security: [max-age=31536000; includeSubDomains]
      vary: [Accept-Encoding]
      x-content-type-options: [nosniff]
    status: {code: 200, message: OK}
- request:
    body: null
    headers:
      Accept: [application/json]
      Accept-Encoding: ['gzip, deflate']
      Connection: [keep-alive]
      User-Agent: [python/3.6.4 (Linux-4.9.125-linuxkit-x86_64-with) msrest/0.6.2
          msrest_azure/0.6.0 resourcemanagementclient/2.0.0 Azure-SDK-For-Python]
    method: GET
    uri: https://management.azure.com/subscriptions/00000000-0000-0000-0000-000000000000/resourcegroups/org-iaas-biz-rg/providers/Microsoft.Resources/deployments/org-workload-iaas-deployment-vmapp-biz-lb/operationStatuses/08586542846502077273?api-version=2018-05-01
  response:
    body: {string: '{"status":"Running"}'}
    headers:
      cache-control: [no-cache]
      content-length: ['20']
      content-type: [application/json; charset=utf-8]
      date: ['Sat, 12 Jan 2019 19:49:00 GMT']
      expires: ['-1']
      pragma: [no-cache]
      strict-transport-security: [max-age=31536000; includeSubDomains]
      vary: [Accept-Encoding]
      x-content-type-options: [nosniff]
    status: {code: 200, message: OK}
- request:
    body: null
    headers:
      Accept: [application/json]
      Accept-Encoding: ['gzip, deflate']
      Connection: [keep-alive]
      User-Agent: [python/3.6.4 (Linux-4.9.125-linuxkit-x86_64-with) msrest/0.6.2
          msrest_azure/0.6.0 resourcemanagementclient/2.0.0 Azure-SDK-For-Python]
    method: GET
    uri: https://management.azure.com/subscriptions/00000000-0000-0000-0000-000000000000/resourcegroups/org-iaas-biz-rg/providers/Microsoft.Resources/deployments/org-workload-iaas-deployment-vmapp-biz-lb/operationStatuses/08586542846502077273?api-version=2018-05-01
  response:
    body: {string: '{"status":"Running"}'}
    headers:
      cache-control: [no-cache]
      content-length: ['20']
      content-type: [application/json; charset=utf-8]
      date: ['Sat, 12 Jan 2019 19:49:30 GMT']
      expires: ['-1']
      pragma: [no-cache]
      strict-transport-security: [max-age=31536000; includeSubDomains]
      vary: [Accept-Encoding]
      x-content-type-options: [nosniff]
    status: {code: 200, message: OK}
- request:
    body: null
    headers:
      Accept: [application/json]
      Accept-Encoding: ['gzip, deflate']
      Connection: [keep-alive]
      User-Agent: [python/3.6.4 (Linux-4.9.125-linuxkit-x86_64-with) msrest/0.6.2
          msrest_azure/0.6.0 resourcemanagementclient/2.0.0 Azure-SDK-For-Python]
    method: GET
    uri: https://management.azure.com/subscriptions/00000000-0000-0000-0000-000000000000/resourcegroups/org-iaas-biz-rg/providers/Microsoft.Resources/deployments/org-workload-iaas-deployment-vmapp-biz-lb/operationStatuses/08586542846502077273?api-version=2018-05-01
  response:
    body: {string: '{"status":"Running"}'}
    headers:
      cache-control: [no-cache]
      content-length: ['20']
      content-type: [application/json; charset=utf-8]
      date: ['Sat, 12 Jan 2019 19:50:01 GMT']
      expires: ['-1']
      pragma: [no-cache]
      strict-transport-security: [max-age=31536000; includeSubDomains]
      vary: [Accept-Encoding]
      x-content-type-options: [nosniff]
    status: {code: 200, message: OK}
- request:
    body: null
    headers:
      Accept: [application/json]
      Accept-Encoding: ['gzip, deflate']
      Connection: [keep-alive]
      User-Agent: [python/3.6.4 (Linux-4.9.125-linuxkit-x86_64-with) msrest/0.6.2
          msrest_azure/0.6.0 resourcemanagementclient/2.0.0 Azure-SDK-For-Python]
    method: GET
    uri: https://management.azure.com/subscriptions/00000000-0000-0000-0000-000000000000/resourcegroups/org-iaas-biz-rg/providers/Microsoft.Resources/deployments/org-workload-iaas-deployment-vmapp-biz-lb/operationStatuses/08586542846502077273?api-version=2018-05-01
  response:
    body: {string: '{"status":"Running"}'}
    headers:
      cache-control: [no-cache]
      content-length: ['20']
      content-type: [application/json; charset=utf-8]
      date: ['Sat, 12 Jan 2019 19:50:32 GMT']
      expires: ['-1']
      pragma: [no-cache]
      strict-transport-security: [max-age=31536000; includeSubDomains]
      vary: [Accept-Encoding]
      x-content-type-options: [nosniff]
    status: {code: 200, message: OK}
- request:
    body: null
    headers:
      Accept: [application/json]
      Accept-Encoding: ['gzip, deflate']
      Connection: [keep-alive]
      User-Agent: [python/3.6.4 (Linux-4.9.125-linuxkit-x86_64-with) msrest/0.6.2
          msrest_azure/0.6.0 resourcemanagementclient/2.0.0 Azure-SDK-For-Python]
    method: GET
    uri: https://management.azure.com/subscriptions/00000000-0000-0000-0000-000000000000/resourcegroups/org-iaas-biz-rg/providers/Microsoft.Resources/deployments/org-workload-iaas-deployment-vmapp-biz-lb/operationStatuses/08586542846502077273?api-version=2018-05-01
  response:
    body: {string: '{"status":"Running"}'}
    headers:
      cache-control: [no-cache]
      content-length: ['20']
      content-type: [application/json; charset=utf-8]
      date: ['Sat, 12 Jan 2019 19:51:02 GMT']
      expires: ['-1']
      pragma: [no-cache]
      strict-transport-security: [max-age=31536000; includeSubDomains]
      vary: [Accept-Encoding]
      x-content-type-options: [nosniff]
    status: {code: 200, message: OK}
- request:
    body: null
    headers:
      Accept: [application/json]
      Accept-Encoding: ['gzip, deflate']
      Connection: [keep-alive]
      User-Agent: [python/3.6.4 (Linux-4.9.125-linuxkit-x86_64-with) msrest/0.6.2
          msrest_azure/0.6.0 resourcemanagementclient/2.0.0 Azure-SDK-For-Python]
    method: GET
    uri: https://management.azure.com/subscriptions/00000000-0000-0000-0000-000000000000/resourcegroups/org-iaas-biz-rg/providers/Microsoft.Resources/deployments/org-workload-iaas-deployment-vmapp-biz-lb/operationStatuses/08586542846502077273?api-version=2018-05-01
  response:
    body: {string: '{"status":"Running"}'}
    headers:
      cache-control: [no-cache]
      content-length: ['20']
      content-type: [application/json; charset=utf-8]
      date: ['Sat, 12 Jan 2019 19:51:32 GMT']
      expires: ['-1']
      pragma: [no-cache]
      strict-transport-security: [max-age=31536000; includeSubDomains]
      vary: [Accept-Encoding]
      x-content-type-options: [nosniff]
    status: {code: 200, message: OK}
- request:
    body: null
    headers:
      Accept: [application/json]
      Accept-Encoding: ['gzip, deflate']
      Connection: [keep-alive]
      User-Agent: [python/3.6.4 (Linux-4.9.125-linuxkit-x86_64-with) msrest/0.6.2
          msrest_azure/0.6.0 resourcemanagementclient/2.0.0 Azure-SDK-For-Python]
    method: GET
    uri: https://management.azure.com/subscriptions/00000000-0000-0000-0000-000000000000/resourcegroups/org-iaas-biz-rg/providers/Microsoft.Resources/deployments/org-workload-iaas-deployment-vmapp-biz-lb/operationStatuses/08586542846502077273?api-version=2018-05-01
  response:
    body: {string: '{"status":"Running"}'}
    headers:
      cache-control: [no-cache]
      content-length: ['20']
      content-type: [application/json; charset=utf-8]
      date: ['Sat, 12 Jan 2019 19:52:02 GMT']
      expires: ['-1']
      pragma: [no-cache]
      strict-transport-security: [max-age=31536000; includeSubDomains]
      vary: [Accept-Encoding]
      x-content-type-options: [nosniff]
    status: {code: 200, message: OK}
- request:
    body: null
    headers:
      Accept: [application/json]
      Accept-Encoding: ['gzip, deflate']
      Connection: [keep-alive]
      User-Agent: [python/3.6.4 (Linux-4.9.125-linuxkit-x86_64-with) msrest/0.6.2
          msrest_azure/0.6.0 resourcemanagementclient/2.0.0 Azure-SDK-For-Python]
    method: GET
    uri: https://management.azure.com/subscriptions/00000000-0000-0000-0000-000000000000/resourcegroups/org-iaas-biz-rg/providers/Microsoft.Resources/deployments/org-workload-iaas-deployment-vmapp-biz-lb/operationStatuses/08586542846502077273?api-version=2018-05-01
  response:
    body: {string: '{"status":"Running"}'}
    headers:
      cache-control: [no-cache]
      content-length: ['20']
      content-type: [application/json; charset=utf-8]
      date: ['Sat, 12 Jan 2019 19:52:33 GMT']
      expires: ['-1']
      pragma: [no-cache]
      strict-transport-security: [max-age=31536000; includeSubDomains]
      vary: [Accept-Encoding]
      x-content-type-options: [nosniff]
    status: {code: 200, message: OK}
- request:
    body: null
    headers:
      Accept: [application/json]
      Accept-Encoding: ['gzip, deflate']
      Connection: [keep-alive]
      User-Agent: [python/3.6.4 (Linux-4.9.125-linuxkit-x86_64-with) msrest/0.6.2
          msrest_azure/0.6.0 resourcemanagementclient/2.0.0 Azure-SDK-For-Python]
    method: GET
    uri: https://management.azure.com/subscriptions/00000000-0000-0000-0000-000000000000/resourcegroups/org-iaas-biz-rg/providers/Microsoft.Resources/deployments/org-workload-iaas-deployment-vmapp-biz-lb/operationStatuses/08586542846502077273?api-version=2018-05-01
  response:
    body: {string: '{"status":"Running"}'}
    headers:
      cache-control: [no-cache]
      content-length: ['20']
      content-type: [application/json; charset=utf-8]
      date: ['Sat, 12 Jan 2019 19:53:04 GMT']
      expires: ['-1']
      pragma: [no-cache]
      strict-transport-security: [max-age=31536000; includeSubDomains]
      vary: [Accept-Encoding]
      x-content-type-options: [nosniff]
    status: {code: 200, message: OK}
- request:
    body: null
    headers:
      Accept: [application/json]
      Accept-Encoding: ['gzip, deflate']
      Connection: [keep-alive]
      User-Agent: [python/3.6.4 (Linux-4.9.125-linuxkit-x86_64-with) msrest/0.6.2
          msrest_azure/0.6.0 resourcemanagementclient/2.0.0 Azure-SDK-For-Python]
    method: GET
    uri: https://management.azure.com/subscriptions/00000000-0000-0000-0000-000000000000/resourcegroups/org-iaas-biz-rg/providers/Microsoft.Resources/deployments/org-workload-iaas-deployment-vmapp-biz-lb/operationStatuses/08586542846502077273?api-version=2018-05-01
  response:
    body: {string: '{"status":"Running"}'}
    headers:
      cache-control: [no-cache]
      content-length: ['20']
      content-type: [application/json; charset=utf-8]
      date: ['Sat, 12 Jan 2019 19:53:34 GMT']
      expires: ['-1']
      pragma: [no-cache]
      strict-transport-security: [max-age=31536000; includeSubDomains]
      vary: [Accept-Encoding]
      x-content-type-options: [nosniff]
    status: {code: 200, message: OK}
- request:
    body: null
    headers:
      Accept: [application/json]
      Accept-Encoding: ['gzip, deflate']
      Connection: [keep-alive]
      User-Agent: [python/3.6.4 (Linux-4.9.125-linuxkit-x86_64-with) msrest/0.6.2
          msrest_azure/0.6.0 resourcemanagementclient/2.0.0 Azure-SDK-For-Python]
    method: GET
    uri: https://management.azure.com/subscriptions/00000000-0000-0000-0000-000000000000/resourcegroups/org-iaas-biz-rg/providers/Microsoft.Resources/deployments/org-workload-iaas-deployment-vmapp-biz-lb/operationStatuses/08586542846502077273?api-version=2018-05-01
  response:
    body: {string: '{"status":"Running"}'}
    headers:
      cache-control: [no-cache]
      content-length: ['20']
      content-type: [application/json; charset=utf-8]
      date: ['Sat, 12 Jan 2019 19:54:05 GMT']
      expires: ['-1']
      pragma: [no-cache]
      strict-transport-security: [max-age=31536000; includeSubDomains]
      vary: [Accept-Encoding]
      x-content-type-options: [nosniff]
    status: {code: 200, message: OK}
- request:
    body: null
    headers:
      Accept: [application/json]
      Accept-Encoding: ['gzip, deflate']
      Connection: [keep-alive]
      User-Agent: [python/3.6.4 (Linux-4.9.125-linuxkit-x86_64-with) msrest/0.6.2
          msrest_azure/0.6.0 resourcemanagementclient/2.0.0 Azure-SDK-For-Python]
    method: GET
    uri: https://management.azure.com/subscriptions/00000000-0000-0000-0000-000000000000/resourcegroups/org-iaas-biz-rg/providers/Microsoft.Resources/deployments/org-workload-iaas-deployment-vmapp-biz-lb/operationStatuses/08586542846502077273?api-version=2018-05-01
  response:
    body: {string: '{"status":"Running"}'}
    headers:
      cache-control: [no-cache]
      content-length: ['20']
      content-type: [application/json; charset=utf-8]
      date: ['Sat, 12 Jan 2019 19:54:35 GMT']
      expires: ['-1']
      pragma: [no-cache]
      strict-transport-security: [max-age=31536000; includeSubDomains]
      vary: [Accept-Encoding]
      x-content-type-options: [nosniff]
    status: {code: 200, message: OK}
- request:
    body: null
    headers:
      Accept: [application/json]
      Accept-Encoding: ['gzip, deflate']
      Connection: [keep-alive]
      User-Agent: [python/3.6.4 (Linux-4.9.125-linuxkit-x86_64-with) msrest/0.6.2
          msrest_azure/0.6.0 resourcemanagementclient/2.0.0 Azure-SDK-For-Python]
    method: GET
    uri: https://management.azure.com/subscriptions/00000000-0000-0000-0000-000000000000/resourcegroups/org-iaas-biz-rg/providers/Microsoft.Resources/deployments/org-workload-iaas-deployment-vmapp-biz-lb/operationStatuses/08586542846502077273?api-version=2018-05-01
  response:
    body: {string: '{"status":"Running"}'}
    headers:
      cache-control: [no-cache]
      content-length: ['20']
      content-type: [application/json; charset=utf-8]
      date: ['Sat, 12 Jan 2019 19:55:06 GMT']
      expires: ['-1']
      pragma: [no-cache]
      strict-transport-security: [max-age=31536000; includeSubDomains]
      vary: [Accept-Encoding]
      x-content-type-options: [nosniff]
    status: {code: 200, message: OK}
- request:
    body: null
    headers:
      Accept: [application/json]
      Accept-Encoding: ['gzip, deflate']
      Connection: [keep-alive]
      User-Agent: [python/3.6.4 (Linux-4.9.125-linuxkit-x86_64-with) msrest/0.6.2
          msrest_azure/0.6.0 resourcemanagementclient/2.0.0 Azure-SDK-For-Python]
    method: GET
    uri: https://management.azure.com/subscriptions/00000000-0000-0000-0000-000000000000/resourcegroups/org-iaas-biz-rg/providers/Microsoft.Resources/deployments/org-workload-iaas-deployment-vmapp-biz-lb/operationStatuses/08586542846502077273?api-version=2018-05-01
  response:
    body: {string: '{"status":"Running"}'}
    headers:
      cache-control: [no-cache]
      content-length: ['20']
      content-type: [application/json; charset=utf-8]
      date: ['Sat, 12 Jan 2019 19:55:37 GMT']
      expires: ['-1']
      pragma: [no-cache]
      strict-transport-security: [max-age=31536000; includeSubDomains]
      vary: [Accept-Encoding]
      x-content-type-options: [nosniff]
    status: {code: 200, message: OK}
- request:
    body: null
    headers:
      Accept: [application/json]
      Accept-Encoding: ['gzip, deflate']
      Connection: [keep-alive]
      User-Agent: [python/3.6.4 (Linux-4.9.125-linuxkit-x86_64-with) msrest/0.6.2
          msrest_azure/0.6.0 resourcemanagementclient/2.0.0 Azure-SDK-For-Python]
    method: GET
    uri: https://management.azure.com/subscriptions/00000000-0000-0000-0000-000000000000/resourcegroups/org-iaas-biz-rg/providers/Microsoft.Resources/deployments/org-workload-iaas-deployment-vmapp-biz-lb/operationStatuses/08586542846502077273?api-version=2018-05-01
  response:
    body: {string: '{"status":"Running"}'}
    headers:
      cache-control: [no-cache]
      content-length: ['20']
      content-type: [application/json; charset=utf-8]
      date: ['Sat, 12 Jan 2019 19:56:09 GMT']
      expires: ['-1']
      pragma: [no-cache]
      strict-transport-security: [max-age=31536000; includeSubDomains]
      vary: [Accept-Encoding]
      x-content-type-options: [nosniff]
    status: {code: 200, message: OK}
- request:
    body: null
    headers:
      Accept: [application/json]
      Accept-Encoding: ['gzip, deflate']
      Connection: [keep-alive]
      User-Agent: [python/3.6.4 (Linux-4.9.125-linuxkit-x86_64-with) msrest/0.6.2
          msrest_azure/0.6.0 resourcemanagementclient/2.0.0 Azure-SDK-For-Python]
    method: GET
    uri: https://management.azure.com/subscriptions/00000000-0000-0000-0000-000000000000/resourcegroups/org-iaas-biz-rg/providers/Microsoft.Resources/deployments/org-workload-iaas-deployment-vmapp-biz-lb/operationStatuses/08586542846502077273?api-version=2018-05-01
  response:
    body: {string: '{"status":"Succeeded"}'}
    headers:
      cache-control: [no-cache]
      content-length: ['22']
      content-type: [application/json; charset=utf-8]
      date: ['Sat, 12 Jan 2019 19:56:39 GMT']
      expires: ['-1']
      pragma: [no-cache]
      strict-transport-security: [max-age=31536000; includeSubDomains]
      vary: [Accept-Encoding]
      x-content-type-options: [nosniff]
    status: {code: 200, message: OK}
- request:
    body: null
    headers:
      Accept: [application/json]
      Accept-Encoding: ['gzip, deflate']
      Connection: [keep-alive]
      User-Agent: [python/3.6.4 (Linux-4.9.125-linuxkit-x86_64-with) msrest/0.6.2
          msrest_azure/0.6.0 resourcemanagementclient/2.0.0 Azure-SDK-For-Python]
    method: GET
    uri: https://management.azure.com/subscriptions/00000000-0000-0000-0000-000000000000/resourcegroups/org-iaas-biz-rg/providers/Microsoft.Resources/deployments/org-workload-iaas-deployment-vmapp-biz-lb?api-version=2018-05-01
  response:
    body: {string: '{"id":"/subscriptions/00000000-0000-0000-0000-000000000000/resourceGroups/org-iaas-biz-rg/providers/Microsoft.Resources/deployments/org-workload-iaas-deployment-vmapp-biz-lb","name":"org-workload-iaas-deployment-vmapp-biz-lb","properties":{"templateHash":"7077140617376515531","parameters":{"deployment-prefix":{"type":"String","value":"org-iaas"},"sas-key":{"type":"String","value":"se=2019-01-13T19%3A43%3A51Z&sp=r&spr=https&sv=2018-03-28&ss=b&srt=o&sig=S%2Bd%2BkwtPqntf48pISOoKuC%2BHCAsBv0ZC%2Br2%2BgT5Rwxg%3D"},"output-params-storage-account-name":{"type":"String","value":"storage"},"vnet-id":{"type":"String","value":"/subscriptions/00000000-0000-0000-0000-000000000000/resourceGroups/org-iaas-net-rg/providers/Microsoft.Network/virtualNetworks/org-iaas-vnet"},"vnet-resourceGroup":{"type":"String","value":"org-iaas-net-rg"},"default-subnet-name":{"type":"String","value":"default"},"extension-name":{"type":"String","value":"biz-app"},"admin-username":{"type":"String","value":"admin-user"},"admin-password":{"type":"SecureString","reference":{"keyVault":{"id":"/subscriptions/00000000-0000-0000-0000-000000000000/resourceGroups/org-iaas-kv-rg/providers/Microsoft.KeyVault/vaults/org-iaas-kv"},"secretName":"admin-user"}},"virtualMachine-size":{"type":"String","value":"Standard_DS1_v2"},"virtualMachine-count":{"type":"Int","value":2},"oms-workspace-id":{"type":"String","value":"1c8a86f6-69c5-4299-82b6-8f06db51a757"},"oms-primary-shared-key":{"type":"String","value":"U3KGMQI94a2PfGyXNu0ZFRNfPfzFaGlHrfnOfqMaGvVAzVHet7Ux64Odhfa+DRiUXuXcEnetQCqhS2WiiOP+3g=="},"kv-uri":{"type":"String","value":"https://org-iaas-kv.vault.azure.net/"},"kv-id":{"type":"String","value":"/subscriptions/00000000-0000-0000-0000-000000000000/resourceGroups/org-iaas-kv-rg/providers/Microsoft.KeyVault/vaults/org-iaas-kv"},"aad-principal-id":{"type":"String","value":""},"aad-certificate-thumb":{"type":"String","value":""},"aad-certificate-url":{"type":"String","value":""},"vmapp-lb-key":{"type":"String","value":""},"os-type":{"type":"String","value":"Windows"},"os-image":{"type":"Object","value":{"offer":"WindowsServer","publisher":"MicrosoftWindowsServer","sku":"2016-Datacenter"}},"domain-name":{"type":"String","value":"org.com"},"domain-admin-user":{"type":"String","value":"org"},"domain-admin-password":{"type":"SecureString","reference":{"keyVault":{"id":"/subscriptions/00000000-0000-0000-0000-000000000000/resourceGroups/org-ssvcs-kv-rg/providers/Microsoft.KeyVault/vaults/org-ssvcs-kv"},"secretName":"org"}},"vmapp-lb-backend-pool-name":{"type":"String","value":"biz-pool"},"vmapp-start-ip-address":{"type":"String","value":"10.4.2.9"},"asg-name":{"type":"String","value":"business"},"enable-encryption":{"type":"Bool","value":false},"encryption-secrets":{"type":"Array","value":[{"sourceVault":{"id":"/subscriptions/00000000-0000-0000-0000-000000000000/resourceGroups/org-iaas-kv-rg/providers/Microsoft.KeyVault/vaults/org-iaas-kv"},"vaultCertificates":[{"certificateUrl":"","certificateStore":"My"}]}]},"empty-array":{"type":"Array","value":[]},"vmapp-lb-ip-address":{"type":"String","value":"10.4.2.16"},"kv-name":{"type":"String","value":"org-iaas-kv"},"kv-resourceGroup":{"type":"String","value":"org-iaas-kv-rg"},"vnet-name":{"type":"String","value":"org-iaas-vnet"},"oms-id":{"type":"String","value":"/subscriptions/00000000-0000-0000-0000-000000000000/resourceGroups/org-iaas-la-rg/providers/Microsoft.OperationalInsights/workspaces/org-iaas-la"},"oms-workspace-resourceGroup":{"type":"String","value":"org-iaas-la-rg"},"oms-workspace-name":{"type":"String","value":"org-iaas-la"},"output-params-storage-key":{"type":"String","value":"WHCxnTcooJCGfNwLRhz2zgLsDvXXE2uVqOuTfZcRHFJsJOhMZ96mUI41HxmVBXgAOoZMvdba+Fjc/5DS+5dS7g=="}},"mode":"Incremental","provisioningState":"Succeeded","timestamp":"2019-01-12T19:56:30.8041396Z","duration":"PT12M35.5341318S","correlationId":"7d95be72-6d2c-4695-a25c-1d043989a8cc","providers":[{"namespace":"Microsoft.Compute","resourceTypes":[{"resourceType":"availabilitySets","locations":["centralus"]},{"resourceType":"virtualMachines","locations":["centralus"]},{"resourceType":"virtualMachines/extensions","locations":["centralus"]}]},{"namespace":"Microsoft.Network","resourceTypes":[{"resourceType":"loadBalancers","locations":["centralus"]},{"resourceType":"networkInterfaces","locations":["centralus"]}]},{"namespace":"Microsoft.Storage","resourceTypes":[{"resourceType":"storageAccounts","locations":["centralus"]}]},{"namespace":"Microsoft.Resources","resourceTypes":[{"resourceType":"deployments","locations":[null]}]}],"dependencies":[{"dependsOn":[{"id":"/subscriptions/00000000-0000-0000-0000-000000000000/resourceGroups/org-iaas-biz-rg/providers/Microsoft.Network/loadBalancers/org-iaas-biz-app-lb","resourceType":"Microsoft.Network/loadBalancers","resourceName":"org-iaas-biz-app-lb"}],"id":"/subscriptions/00000000-0000-0000-0000-000000000000/resourceGroups/org-iaas-biz-rg/providers/Microsoft.Network/networkInterfaces/org-iaas-biz-app-vm1-nic","resourceType":"Microsoft.Network/networkInterfaces","resourceName":"org-iaas-biz-app-vm1-nic"},{"dependsOn":[{"id":"/subscriptions/00000000-0000-0000-0000-000000000000/resourceGroups/org-iaas-biz-rg/providers/Microsoft.Network/loadBalancers/org-iaas-biz-app-lb","resourceType":"Microsoft.Network/loadBalancers","resourceName":"org-iaas-biz-app-lb"}],"id":"/subscriptions/00000000-0000-0000-0000-000000000000/resourceGroups/org-iaas-biz-rg/providers/Microsoft.Network/networkInterfaces/org-iaas-biz-app-vm2-nic","resourceType":"Microsoft.Network/networkInterfaces","resourceName":"org-iaas-biz-app-vm2-nic"},{"dependsOn":[{"id":"/subscriptions/00000000-0000-0000-0000-000000000000/resourceGroups/org-iaas-biz-rg/providers/Microsoft.Compute/availabilitySets/biz-app-as","resourceType":"Microsoft.Compute/availabilitySets","resourceName":"biz-app-as"},{"id":"/subscriptions/00000000-0000-0000-0000-000000000000/resourceGroups/org-iaas-biz-rg/providers/Microsoft.Network/networkInterfaces/org-iaas-biz-app-vm1-nic","resourceType":"Microsoft.Network/networkInterfaces","resourceName":"org-iaas-biz-app-vm1-nic"},{"id":"/subscriptions/00000000-0000-0000-0000-000000000000/resourceGroups/org-iaas-biz-rg/providers/Microsoft.Storage/storageAccounts/bizappdiagk6gbmoac2gk2i","resourceType":"Microsoft.Storage/storageAccounts","resourceName":"bizappdiagk6gbmoac2gk2i"},{"id":"/subscriptions/00000000-0000-0000-0000-000000000000/resourceGroups/org-iaas-biz-rg/providers/Microsoft.Storage/storageAccounts/bizappdiagk6gbmoac2gk2i","resourceType":"Microsoft.Storage/storageAccounts","resourceName":"bizappdiagk6gbmoac2gk2i","apiVersion":"2016-12-01"}],"id":"/subscriptions/00000000-0000-0000-0000-000000000000/resourceGroups/org-iaas-biz-rg/providers/Microsoft.Compute/virtualMachines/org-iaas-biz-app-vm1","resourceType":"Microsoft.Compute/virtualMachines","resourceName":"org-iaas-biz-app-vm1"},{"dependsOn":[{"id":"/subscriptions/00000000-0000-0000-0000-000000000000/resourceGroups/org-iaas-biz-rg/providers/Microsoft.Compute/virtualMachines/org-iaas-biz-app-vm1","resourceType":"Microsoft.Compute/virtualMachines","resourceName":"org-iaas-biz-app-vm1"}],"id":"/subscriptions/00000000-0000-0000-0000-000000000000/resourceGroups/org-iaas-biz-rg/providers/Microsoft.Compute/virtualMachines/org-iaas-biz-app-vm1/extensions/OMSExtension","resourceType":"Microsoft.Compute/virtualMachines/extensions","resourceName":"org-iaas-biz-app-vm1/OMSExtension"},{"dependsOn":[{"id":"/subscriptions/00000000-0000-0000-0000-000000000000/resourceGroups/org-iaas-biz-rg/providers/Microsoft.Compute/virtualMachines/org-iaas-biz-app-vm1","resourceType":"Microsoft.Compute/virtualMachines","resourceName":"org-iaas-biz-app-vm1"},{"id":"/subscriptions/00000000-0000-0000-0000-000000000000/resourceGroups/org-iaas-biz-rg/providers/Microsoft.Compute/virtualMachines/org-iaas-biz-app-vm1/extensions/OMSExtension","resourceType":"Microsoft.Compute/virtualMachines/extensions","resourceName":"org-iaas-biz-app-vm1/OMSExtension"},{"id":"/subscriptions/00000000-0000-0000-0000-000000000000/resourceGroups/org-iaas-biz-rg/providers/Microsoft.Compute/virtualMachines/org-iaas-biz-app-vm2/extensions/OMSExtension","resourceType":"Microsoft.Compute/virtualMachines/extensions","resourceName":"org-iaas-biz-app-vm2/OMSExtension"}],"id":"/subscriptions/00000000-0000-0000-0000-000000000000/resourceGroups/org-iaas-biz-rg/providers/Microsoft.Compute/virtualMachines/org-iaas-biz-app-vm1/extensions/DSCSetupIISAndJoinDomain","resourceType":"Microsoft.Compute/virtualMachines/extensions","resourceName":"org-iaas-biz-app-vm1/DSCSetupIISAndJoinDomain"},{"dependsOn":[{"id":"/subscriptions/00000000-0000-0000-0000-000000000000/resourceGroups/org-iaas-biz-rg/providers/Microsoft.Compute/virtualMachines/org-iaas-biz-app-vm1","resourceType":"Microsoft.Compute/virtualMachines","resourceName":"org-iaas-biz-app-vm1"},{"id":"/subscriptions/00000000-0000-0000-0000-000000000000/resourceGroups/org-iaas-biz-rg/providers/Microsoft.Compute/virtualMachines/org-iaas-biz-app-vm1/extensions/DSCSetupIISAndJoinDomain","resourceType":"Microsoft.Compute/virtualMachines/extensions","resourceName":"org-iaas-biz-app-vm1/DSCSetupIISAndJoinDomain"}],"id":"/subscriptions/00000000-0000-0000-0000-000000000000/resourceGroups/org-iaas-biz-rg/providers/Microsoft.Compute/virtualMachines/org-iaas-biz-app-vm1/extensions/IaaSAntimalware","resourceType":"Microsoft.Compute/virtualMachines/extensions","resourceName":"org-iaas-biz-app-vm1/IaaSAntimalware"},{"dependsOn":[{"id":"/subscriptions/00000000-0000-0000-0000-000000000000/resourceGroups/org-iaas-biz-rg/providers/Microsoft.Compute/virtualMachines/org-iaas-biz-app-vm1","resourceType":"Microsoft.Compute/virtualMachines","resourceName":"org-iaas-biz-app-vm1"},{"id":"/subscriptions/00000000-0000-0000-0000-000000000000/resourceGroups/org-iaas-biz-rg/providers/Microsoft.Compute/virtualMachines/org-iaas-biz-app-vm1/extensions/DSCSetupIISAndJoinDomain","resourceType":"Microsoft.Compute/virtualMachines/extensions","resourceName":"org-iaas-biz-app-vm1/DSCSetupIISAndJoinDomain"}],"id":"/subscriptions/00000000-0000-0000-0000-000000000000/resourceGroups/org-iaas-biz-rg/providers/Microsoft.Compute/virtualMachines/org-iaas-biz-app-vm1/extensions/IaaSDiagnostics","resourceType":"Microsoft.Compute/virtualMachines/extensions","resourceName":"org-iaas-biz-app-vm1/IaaSDiagnostics"},{"dependsOn":[{"id":"/subscriptions/00000000-0000-0000-0000-000000000000/resourceGroups/org-iaas-biz-rg/providers/Microsoft.Compute/virtualMachines/org-iaas-biz-app-vm1","resourceType":"Microsoft.Compute/virtualMachines","resourceName":"org-iaas-biz-app-vm1"},{"id":"/subscriptions/00000000-0000-0000-0000-000000000000/resourceGroups/org-iaas-biz-rg/providers/Microsoft.Compute/virtualMachines/org-iaas-biz-app-vm1/extensions/DSCSetupIISAndJoinDomain","resourceType":"Microsoft.Compute/virtualMachines/extensions","resourceName":"org-iaas-biz-app-vm1/DSCSetupIISAndJoinDomain"}],"id":"/subscriptions/00000000-0000-0000-0000-000000000000/resourceGroups/org-iaas-biz-rg/providers/Microsoft.Compute/virtualMachines/org-iaas-biz-app-vm1/extensions/NetworkWatcher","resourceType":"Microsoft.Compute/virtualMachines/extensions","resourceName":"org-iaas-biz-app-vm1/NetworkWatcher"},{"dependsOn":[{"id":"/subscriptions/00000000-0000-0000-0000-000000000000/resourceGroups/org-iaas-biz-rg/providers/Microsoft.Compute/virtualMachines/org-iaas-biz-app-vm1","resourceType":"Microsoft.Compute/virtualMachines","resourceName":"org-iaas-biz-app-vm1"},{"id":"/subscriptions/00000000-0000-0000-0000-000000000000/resourceGroups/org-iaas-biz-rg/providers/Microsoft.Compute/virtualMachines/org-iaas-biz-app-vm1/extensions/DSCSetupIISAndJoinDomain","resourceType":"Microsoft.Compute/virtualMachines/extensions","resourceName":"org-iaas-biz-app-vm1/DSCSetupIISAndJoinDomain"}],"id":"/subscriptions/00000000-0000-0000-0000-000000000000/resourceGroups/org-iaas-biz-rg/providers/Microsoft.Compute/virtualMachines/org-iaas-biz-app-vm1/extensions/AzureDiskEncryption","resourceType":"Microsoft.Compute/virtualMachines/extensions","resourceName":"org-iaas-biz-app-vm1/AzureDiskEncryption"},{"dependsOn":[{"id":"/subscriptions/00000000-0000-0000-0000-000000000000/resourceGroups/org-iaas-biz-rg/providers/Microsoft.Compute/availabilitySets/biz-app-as","resourceType":"Microsoft.Compute/availabilitySets","resourceName":"biz-app-as"},{"id":"/subscriptions/00000000-0000-0000-0000-000000000000/resourceGroups/org-iaas-biz-rg/providers/Microsoft.Network/networkInterfaces/org-iaas-biz-app-vm2-nic","resourceType":"Microsoft.Network/networkInterfaces","resourceName":"org-iaas-biz-app-vm2-nic"},{"id":"/subscriptions/00000000-0000-0000-0000-000000000000/resourceGroups/org-iaas-biz-rg/providers/Microsoft.Storage/storageAccounts/bizappdiagk6gbmoac2gk2i","resourceType":"Microsoft.Storage/storageAccounts","resourceName":"bizappdiagk6gbmoac2gk2i"},{"id":"/subscriptions/00000000-0000-0000-0000-000000000000/resourceGroups/org-iaas-biz-rg/providers/Microsoft.Storage/storageAccounts/bizappdiagk6gbmoac2gk2i","resourceType":"Microsoft.Storage/storageAccounts","resourceName":"bizappdiagk6gbmoac2gk2i","apiVersion":"2016-12-01"}],"id":"/subscriptions/00000000-0000-0000-0000-000000000000/resourceGroups/org-iaas-biz-rg/providers/Microsoft.Compute/virtualMachines/org-iaas-biz-app-vm2","resourceType":"Microsoft.Compute/virtualMachines","resourceName":"org-iaas-biz-app-vm2"},{"dependsOn":[{"id":"/subscriptions/00000000-0000-0000-0000-000000000000/resourceGroups/org-iaas-biz-rg/providers/Microsoft.Compute/virtualMachines/org-iaas-biz-app-vm2","resourceType":"Microsoft.Compute/virtualMachines","resourceName":"org-iaas-biz-app-vm2"}],"id":"/subscriptions/00000000-0000-0000-0000-000000000000/resourceGroups/org-iaas-biz-rg/providers/Microsoft.Compute/virtualMachines/org-iaas-biz-app-vm2/extensions/OMSExtension","resourceType":"Microsoft.Compute/virtualMachines/extensions","resourceName":"org-iaas-biz-app-vm2/OMSExtension"},{"dependsOn":[{"id":"/subscriptions/00000000-0000-0000-0000-000000000000/resourceGroups/org-iaas-biz-rg/providers/Microsoft.Compute/virtualMachines/org-iaas-biz-app-vm2","resourceType":"Microsoft.Compute/virtualMachines","resourceName":"org-iaas-biz-app-vm2"},{"id":"/subscriptions/00000000-0000-0000-0000-000000000000/resourceGroups/org-iaas-biz-rg/providers/Microsoft.Compute/virtualMachines/org-iaas-biz-app-vm1/extensions/OMSExtension","resourceType":"Microsoft.Compute/virtualMachines/extensions","resourceName":"org-iaas-biz-app-vm1/OMSExtension"},{"id":"/subscriptions/00000000-0000-0000-0000-000000000000/resourceGroups/org-iaas-biz-rg/providers/Microsoft.Compute/virtualMachines/org-iaas-biz-app-vm2/extensions/OMSExtension","resourceType":"Microsoft.Compute/virtualMachines/extensions","resourceName":"org-iaas-biz-app-vm2/OMSExtension"}],"id":"/subscriptions/00000000-0000-0000-0000-000000000000/resourceGroups/org-iaas-biz-rg/providers/Microsoft.Compute/virtualMachines/org-iaas-biz-app-vm2/extensions/DSCSetupIISAndJoinDomain","resourceType":"Microsoft.Compute/virtualMachines/extensions","resourceName":"org-iaas-biz-app-vm2/DSCSetupIISAndJoinDomain"},{"dependsOn":[{"id":"/subscriptions/00000000-0000-0000-0000-000000000000/resourceGroups/org-iaas-biz-rg/providers/Microsoft.Compute/virtualMachines/org-iaas-biz-app-vm2","resourceType":"Microsoft.Compute/virtualMachines","resourceName":"org-iaas-biz-app-vm2"},{"id":"/subscriptions/00000000-0000-0000-0000-000000000000/resourceGroups/org-iaas-biz-rg/providers/Microsoft.Compute/virtualMachines/org-iaas-biz-app-vm2/extensions/DSCSetupIISAndJoinDomain","resourceType":"Microsoft.Compute/virtualMachines/extensions","resourceName":"org-iaas-biz-app-vm2/DSCSetupIISAndJoinDomain"}],"id":"/subscriptions/00000000-0000-0000-0000-000000000000/resourceGroups/org-iaas-biz-rg/providers/Microsoft.Compute/virtualMachines/org-iaas-biz-app-vm2/extensions/IaaSAntimalware","resourceType":"Microsoft.Compute/virtualMachines/extensions","resourceName":"org-iaas-biz-app-vm2/IaaSAntimalware"},{"dependsOn":[{"id":"/subscriptions/00000000-0000-0000-0000-000000000000/resourceGroups/org-iaas-biz-rg/providers/Microsoft.Compute/virtualMachines/org-iaas-biz-app-vm2","resourceType":"Microsoft.Compute/virtualMachines","resourceName":"org-iaas-biz-app-vm2"},{"id":"/subscriptions/00000000-0000-0000-0000-000000000000/resourceGroups/org-iaas-biz-rg/providers/Microsoft.Compute/virtualMachines/org-iaas-biz-app-vm2/extensions/DSCSetupIISAndJoinDomain","resourceType":"Microsoft.Compute/virtualMachines/extensions","resourceName":"org-iaas-biz-app-vm2/DSCSetupIISAndJoinDomain"}],"id":"/subscriptions/00000000-0000-0000-0000-000000000000/resourceGroups/org-iaas-biz-rg/providers/Microsoft.Compute/virtualMachines/org-iaas-biz-app-vm2/extensions/IaaSDiagnostics","resourceType":"Microsoft.Compute/virtualMachines/extensions","resourceName":"org-iaas-biz-app-vm2/IaaSDiagnostics"},{"dependsOn":[{"id":"/subscriptions/00000000-0000-0000-0000-000000000000/resourceGroups/org-iaas-biz-rg/providers/Microsoft.Compute/virtualMachines/org-iaas-biz-app-vm2","resourceType":"Microsoft.Compute/virtualMachines","resourceName":"org-iaas-biz-app-vm2"},{"id":"/subscriptions/00000000-0000-0000-0000-000000000000/resourceGroups/org-iaas-biz-rg/providers/Microsoft.Compute/virtualMachines/org-iaas-biz-app-vm2/extensions/DSCSetupIISAndJoinDomain","resourceType":"Microsoft.Compute/virtualMachines/extensions","resourceName":"org-iaas-biz-app-vm2/DSCSetupIISAndJoinDomain"}],"id":"/subscriptions/00000000-0000-0000-0000-000000000000/resourceGroups/org-iaas-biz-rg/providers/Microsoft.Compute/virtualMachines/org-iaas-biz-app-vm2/extensions/NetworkWatcher","resourceType":"Microsoft.Compute/virtualMachines/extensions","resourceName":"org-iaas-biz-app-vm2/NetworkWatcher"},{"dependsOn":[{"id":"/subscriptions/00000000-0000-0000-0000-000000000000/resourceGroups/org-iaas-biz-rg/providers/Microsoft.Compute/virtualMachines/org-iaas-biz-app-vm2","resourceType":"Microsoft.Compute/virtualMachines","resourceName":"org-iaas-biz-app-vm2"},{"id":"/subscriptions/00000000-0000-0000-0000-000000000000/resourceGroups/org-iaas-biz-rg/providers/Microsoft.Compute/virtualMachines/org-iaas-biz-app-vm2/extensions/DSCSetupIISAndJoinDomain","resourceType":"Microsoft.Compute/virtualMachines/extensions","resourceName":"org-iaas-biz-app-vm2/DSCSetupIISAndJoinDomain"}],"id":"/subscriptions/00000000-0000-0000-0000-000000000000/resourceGroups/org-iaas-biz-rg/providers/Microsoft.Compute/virtualMachines/org-iaas-biz-app-vm2/extensions/AzureDiskEncryption","resourceType":"Microsoft.Compute/virtualMachines/extensions","resourceName":"org-iaas-biz-app-vm2/AzureDiskEncryption"},{"dependsOn":[{"id":"/subscriptions/00000000-0000-0000-0000-000000000000/resourceGroups/org-iaas-biz-rg/providers/Microsoft.Compute/virtualMachines/org-iaas-biz-app-vm1","resourceType":"Microsoft.Compute/virtualMachines","resourceName":"org-iaas-biz-app-vm1"},{"id":"/subscriptions/00000000-0000-0000-0000-000000000000/resourceGroups/org-iaas-biz-rg/providers/Microsoft.Compute/virtualMachines/org-iaas-biz-app-vm1/extensions/OMSExtension","resourceType":"Microsoft.Compute/virtualMachines/extensions","resourceName":"org-iaas-biz-app-vm1/OMSExtension"},{"id":"/subscriptions/00000000-0000-0000-0000-000000000000/resourceGroups/org-iaas-biz-rg/providers/Microsoft.Compute/virtualMachines/org-iaas-biz-app-vm1/extensions/DSCSetupIISAndJoinDomain","resourceType":"Microsoft.Compute/virtualMachines/extensions","resourceName":"org-iaas-biz-app-vm1/DSCSetupIISAndJoinDomain"},{"id":"/subscriptions/00000000-0000-0000-0000-000000000000/resourceGroups/org-iaas-biz-rg/providers/Microsoft.Compute/virtualMachines/org-iaas-biz-app-vm1/extensions/IaaSAntimalware","resourceType":"Microsoft.Compute/virtualMachines/extensions","resourceName":"org-iaas-biz-app-vm1/IaaSAntimalware"},{"id":"/subscriptions/00000000-0000-0000-0000-000000000000/resourceGroups/org-iaas-biz-rg/providers/Microsoft.Compute/virtualMachines/org-iaas-biz-app-vm1/extensions/IaaSDiagnostics","resourceType":"Microsoft.Compute/virtualMachines/extensions","resourceName":"org-iaas-biz-app-vm1/IaaSDiagnostics"},{"id":"/subscriptions/00000000-0000-0000-0000-000000000000/resourceGroups/org-iaas-biz-rg/providers/Microsoft.Compute/virtualMachines/org-iaas-biz-app-vm1/extensions/NetworkWatcher","resourceType":"Microsoft.Compute/virtualMachines/extensions","resourceName":"org-iaas-biz-app-vm1/NetworkWatcher"},{"id":"/subscriptions/00000000-0000-0000-0000-000000000000/resourceGroups/org-iaas-biz-rg/providers/Microsoft.Compute/virtualMachines/org-iaas-biz-app-vm1/extensions/AzureDiskEncryption","resourceType":"Microsoft.Compute/virtualMachines/extensions","resourceName":"org-iaas-biz-app-vm1/AzureDiskEncryption"},{"id":"/subscriptions/00000000-0000-0000-0000-000000000000/resourceGroups/org-iaas-biz-rg/providers/Microsoft.Compute/virtualMachines/org-iaas-biz-app-vm2","resourceType":"Microsoft.Compute/virtualMachines","resourceName":"org-iaas-biz-app-vm2"},{"id":"/subscriptions/00000000-0000-0000-0000-000000000000/resourceGroups/org-iaas-biz-rg/providers/Microsoft.Compute/virtualMachines/org-iaas-biz-app-vm2/extensions/OMSExtension","resourceType":"Microsoft.Compute/virtualMachines/extensions","resourceName":"org-iaas-biz-app-vm2/OMSExtension"},{"id":"/subscriptions/00000000-0000-0000-0000-000000000000/resourceGroups/org-iaas-biz-rg/providers/Microsoft.Compute/virtualMachines/org-iaas-biz-app-vm2/extensions/DSCSetupIISAndJoinDomain","resourceType":"Microsoft.Compute/virtualMachines/extensions","resourceName":"org-iaas-biz-app-vm2/DSCSetupIISAndJoinDomain"},{"id":"/subscriptions/00000000-0000-0000-0000-000000000000/resourceGroups/org-iaas-biz-rg/providers/Microsoft.Compute/virtualMachines/org-iaas-biz-app-vm2/extensions/IaaSAntimalware","resourceType":"Microsoft.Compute/virtualMachines/extensions","resourceName":"org-iaas-biz-app-vm2/IaaSAntimalware"},{"id":"/subscriptions/00000000-0000-0000-0000-000000000000/resourceGroups/org-iaas-biz-rg/providers/Microsoft.Compute/virtualMachines/org-iaas-biz-app-vm2/extensions/IaaSDiagnostics","resourceType":"Microsoft.Compute/virtualMachines/extensions","resourceName":"org-iaas-biz-app-vm2/IaaSDiagnostics"},{"id":"/subscriptions/00000000-0000-0000-0000-000000000000/resourceGroups/org-iaas-biz-rg/providers/Microsoft.Compute/virtualMachines/org-iaas-biz-app-vm2/extensions/NetworkWatcher","resourceType":"Microsoft.Compute/virtualMachines/extensions","resourceName":"org-iaas-biz-app-vm2/NetworkWatcher"},{"id":"/subscriptions/00000000-0000-0000-0000-000000000000/resourceGroups/org-iaas-biz-rg/providers/Microsoft.Compute/virtualMachines/org-iaas-biz-app-vm2/extensions/AzureDiskEncryption","resourceType":"Microsoft.Compute/virtualMachines/extensions","resourceName":"org-iaas-biz-app-vm2/AzureDiskEncryption"}],"id":"/subscriptions/00000000-0000-0000-0000-000000000000/resourceGroups/org-iaas-biz-rg/providers/Microsoft.Resources/deployments/vm1OSEncryptionNestedDeployment","resourceType":"Microsoft.Resources/deployments","resourceName":"vm1OSEncryptionNestedDeployment"},{"dependsOn":[{"id":"/subscriptions/00000000-0000-0000-0000-000000000000/resourceGroups/org-iaas-biz-rg/providers/Microsoft.Compute/virtualMachines/org-iaas-biz-app-vm1","resourceType":"Microsoft.Compute/virtualMachines","resourceName":"org-iaas-biz-app-vm1"},{"id":"/subscriptions/00000000-0000-0000-0000-000000000000/resourceGroups/org-iaas-biz-rg/providers/Microsoft.Compute/virtualMachines/org-iaas-biz-app-vm1/extensions/OMSExtension","resourceType":"Microsoft.Compute/virtualMachines/extensions","resourceName":"org-iaas-biz-app-vm1/OMSExtension"},{"id":"/subscriptions/00000000-0000-0000-0000-000000000000/resourceGroups/org-iaas-biz-rg/providers/Microsoft.Compute/virtualMachines/org-iaas-biz-app-vm1/extensions/DSCSetupIISAndJoinDomain","resourceType":"Microsoft.Compute/virtualMachines/extensions","resourceName":"org-iaas-biz-app-vm1/DSCSetupIISAndJoinDomain"},{"id":"/subscriptions/00000000-0000-0000-0000-000000000000/resourceGroups/org-iaas-biz-rg/providers/Microsoft.Compute/virtualMachines/org-iaas-biz-app-vm1/extensions/IaaSAntimalware","resourceType":"Microsoft.Compute/virtualMachines/extensions","resourceName":"org-iaas-biz-app-vm1/IaaSAntimalware"},{"id":"/subscriptions/00000000-0000-0000-0000-000000000000/resourceGroups/org-iaas-biz-rg/providers/Microsoft.Compute/virtualMachines/org-iaas-biz-app-vm1/extensions/IaaSDiagnostics","resourceType":"Microsoft.Compute/virtualMachines/extensions","resourceName":"org-iaas-biz-app-vm1/IaaSDiagnostics"},{"id":"/subscriptions/00000000-0000-0000-0000-000000000000/resourceGroups/org-iaas-biz-rg/providers/Microsoft.Compute/virtualMachines/org-iaas-biz-app-vm1/extensions/NetworkWatcher","resourceType":"Microsoft.Compute/virtualMachines/extensions","resourceName":"org-iaas-biz-app-vm1/NetworkWatcher"},{"id":"/subscriptions/00000000-0000-0000-0000-000000000000/resourceGroups/org-iaas-biz-rg/providers/Microsoft.Compute/virtualMachines/org-iaas-biz-app-vm1/extensions/AzureDiskEncryption","resourceType":"Microsoft.Compute/virtualMachines/extensions","resourceName":"org-iaas-biz-app-vm1/AzureDiskEncryption"},{"id":"/subscriptions/00000000-0000-0000-0000-000000000000/resourceGroups/org-iaas-biz-rg/providers/Microsoft.Compute/virtualMachines/org-iaas-biz-app-vm2","resourceType":"Microsoft.Compute/virtualMachines","resourceName":"org-iaas-biz-app-vm2"},{"id":"/subscriptions/00000000-0000-0000-0000-000000000000/resourceGroups/org-iaas-biz-rg/providers/Microsoft.Compute/virtualMachines/org-iaas-biz-app-vm2/extensions/OMSExtension","resourceType":"Microsoft.Compute/virtualMachines/extensions","resourceName":"org-iaas-biz-app-vm2/OMSExtension"},{"id":"/subscriptions/00000000-0000-0000-0000-000000000000/resourceGroups/org-iaas-biz-rg/providers/Microsoft.Compute/virtualMachines/org-iaas-biz-app-vm2/extensions/DSCSetupIISAndJoinDomain","resourceType":"Microsoft.Compute/virtualMachines/extensions","resourceName":"org-iaas-biz-app-vm2/DSCSetupIISAndJoinDomain"},{"id":"/subscriptions/00000000-0000-0000-0000-000000000000/resourceGroups/org-iaas-biz-rg/providers/Microsoft.Compute/virtualMachines/org-iaas-biz-app-vm2/extensions/IaaSAntimalware","resourceType":"Microsoft.Compute/virtualMachines/extensions","resourceName":"org-iaas-biz-app-vm2/IaaSAntimalware"},{"id":"/subscriptions/00000000-0000-0000-0000-000000000000/resourceGroups/org-iaas-biz-rg/providers/Microsoft.Compute/virtualMachines/org-iaas-biz-app-vm2/extensions/IaaSDiagnostics","resourceType":"Microsoft.Compute/virtualMachines/extensions","resourceName":"org-iaas-biz-app-vm2/IaaSDiagnostics"},{"id":"/subscriptions/00000000-0000-0000-0000-000000000000/resourceGroups/org-iaas-biz-rg/providers/Microsoft.Compute/virtualMachines/org-iaas-biz-app-vm2/extensions/NetworkWatcher","resourceType":"Microsoft.Compute/virtualMachines/extensions","resourceName":"org-iaas-biz-app-vm2/NetworkWatcher"},{"id":"/subscriptions/00000000-0000-0000-0000-000000000000/resourceGroups/org-iaas-biz-rg/providers/Microsoft.Compute/virtualMachines/org-iaas-biz-app-vm2/extensions/AzureDiskEncryption","resourceType":"Microsoft.Compute/virtualMachines/extensions","resourceName":"org-iaas-biz-app-vm2/AzureDiskEncryption"}],"id":"/subscriptions/00000000-0000-0000-0000-000000000000/resourceGroups/org-iaas-biz-rg/providers/Microsoft.Resources/deployments/vm2OSEncryptionNestedDeployment","resourceType":"Microsoft.Resources/deployments","resourceName":"vm2OSEncryptionNestedDeployment"},{"dependsOn":[{"id":"/subscriptions/00000000-0000-0000-0000-000000000000/resourceGroups/org-iaas-biz-rg/providers/Microsoft.Compute/virtualMachines/org-iaas-biz-app-vm1","resourceType":"Microsoft.Compute/virtualMachines","resourceName":"org-iaas-biz-app-vm1"},{"id":"/subscriptions/00000000-0000-0000-0000-000000000000/resourceGroups/org-iaas-biz-rg/providers/Microsoft.Compute/virtualMachines/org-iaas-biz-app-vm1/extensions/OMSExtension","resourceType":"Microsoft.Compute/virtualMachines/extensions","resourceName":"org-iaas-biz-app-vm1/OMSExtension"},{"id":"/subscriptions/00000000-0000-0000-0000-000000000000/resourceGroups/org-iaas-biz-rg/providers/Microsoft.Compute/virtualMachines/org-iaas-biz-app-vm1/extensions/DSCSetupIISAndJoinDomain","resourceType":"Microsoft.Compute/virtualMachines/extensions","resourceName":"org-iaas-biz-app-vm1/DSCSetupIISAndJoinDomain"},{"id":"/subscriptions/00000000-0000-0000-0000-000000000000/resourceGroups/org-iaas-biz-rg/providers/Microsoft.Compute/virtualMachines/org-iaas-biz-app-vm1/extensions/IaaSAntimalware","resourceType":"Microsoft.Compute/virtualMachines/extensions","resourceName":"org-iaas-biz-app-vm1/IaaSAntimalware"},{"id":"/subscriptions/00000000-0000-0000-0000-000000000000/resourceGroups/org-iaas-biz-rg/providers/Microsoft.Compute/virtualMachines/org-iaas-biz-app-vm1/extensions/IaaSDiagnostics","resourceType":"Microsoft.Compute/virtualMachines/extensions","resourceName":"org-iaas-biz-app-vm1/IaaSDiagnostics"},{"id":"/subscriptions/00000000-0000-0000-0000-000000000000/resourceGroups/org-iaas-biz-rg/providers/Microsoft.Compute/virtualMachines/org-iaas-biz-app-vm1/extensions/NetworkWatcher","resourceType":"Microsoft.Compute/virtualMachines/extensions","resourceName":"org-iaas-biz-app-vm1/NetworkWatcher"},{"id":"/subscriptions/00000000-0000-0000-0000-000000000000/resourceGroups/org-iaas-biz-rg/providers/Microsoft.Compute/virtualMachines/org-iaas-biz-app-vm1/extensions/AzureDiskEncryption","resourceType":"Microsoft.Compute/virtualMachines/extensions","resourceName":"org-iaas-biz-app-vm1/AzureDiskEncryption"},{"id":"/subscriptions/00000000-0000-0000-0000-000000000000/resourceGroups/org-iaas-biz-rg/providers/Microsoft.Compute/virtualMachines/org-iaas-biz-app-vm2","resourceType":"Microsoft.Compute/virtualMachines","resourceName":"org-iaas-biz-app-vm2"},{"id":"/subscriptions/00000000-0000-0000-0000-000000000000/resourceGroups/org-iaas-biz-rg/providers/Microsoft.Compute/virtualMachines/org-iaas-biz-app-vm2/extensions/OMSExtension","resourceType":"Microsoft.Compute/virtualMachines/extensions","resourceName":"org-iaas-biz-app-vm2/OMSExtension"},{"id":"/subscriptions/00000000-0000-0000-0000-000000000000/resourceGroups/org-iaas-biz-rg/providers/Microsoft.Compute/virtualMachines/org-iaas-biz-app-vm2/extensions/DSCSetupIISAndJoinDomain","resourceType":"Microsoft.Compute/virtualMachines/extensions","resourceName":"org-iaas-biz-app-vm2/DSCSetupIISAndJoinDomain"},{"id":"/subscriptions/00000000-0000-0000-0000-000000000000/resourceGroups/org-iaas-biz-rg/providers/Microsoft.Compute/virtualMachines/org-iaas-biz-app-vm2/extensions/IaaSAntimalware","resourceType":"Microsoft.Compute/virtualMachines/extensions","resourceName":"org-iaas-biz-app-vm2/IaaSAntimalware"},{"id":"/subscriptions/00000000-0000-0000-0000-000000000000/resourceGroups/org-iaas-biz-rg/providers/Microsoft.Compute/virtualMachines/org-iaas-biz-app-vm2/extensions/IaaSDiagnostics","resourceType":"Microsoft.Compute/virtualMachines/extensions","resourceName":"org-iaas-biz-app-vm2/IaaSDiagnostics"},{"id":"/subscriptions/00000000-0000-0000-0000-000000000000/resourceGroups/org-iaas-biz-rg/providers/Microsoft.Compute/virtualMachines/org-iaas-biz-app-vm2/extensions/NetworkWatcher","resourceType":"Microsoft.Compute/virtualMachines/extensions","resourceName":"org-iaas-biz-app-vm2/NetworkWatcher"},{"id":"/subscriptions/00000000-0000-0000-0000-000000000000/resourceGroups/org-iaas-biz-rg/providers/Microsoft.Compute/virtualMachines/org-iaas-biz-app-vm2/extensions/AzureDiskEncryption","resourceType":"Microsoft.Compute/virtualMachines/extensions","resourceName":"org-iaas-biz-app-vm2/AzureDiskEncryption"}],"id":"/subscriptions/00000000-0000-0000-0000-000000000000/resourceGroups/org-iaas-biz-rg/providers/Microsoft.Resources/deployments/vm1NestedDeploymentInstallIIS","resourceType":"Microsoft.Resources/deployments","resourceName":"vm1NestedDeploymentInstallIIS"},{"dependsOn":[{"id":"/subscriptions/00000000-0000-0000-0000-000000000000/resourceGroups/org-iaas-biz-rg/providers/Microsoft.Compute/virtualMachines/org-iaas-biz-app-vm1","resourceType":"Microsoft.Compute/virtualMachines","resourceName":"org-iaas-biz-app-vm1"},{"id":"/subscriptions/00000000-0000-0000-0000-000000000000/resourceGroups/org-iaas-biz-rg/providers/Microsoft.Compute/virtualMachines/org-iaas-biz-app-vm1/extensions/OMSExtension","resourceType":"Microsoft.Compute/virtualMachines/extensions","resourceName":"org-iaas-biz-app-vm1/OMSExtension"},{"id":"/subscriptions/00000000-0000-0000-0000-000000000000/resourceGroups/org-iaas-biz-rg/providers/Microsoft.Compute/virtualMachines/org-iaas-biz-app-vm1/extensions/DSCSetupIISAndJoinDomain","resourceType":"Microsoft.Compute/virtualMachines/extensions","resourceName":"org-iaas-biz-app-vm1/DSCSetupIISAndJoinDomain"},{"id":"/subscriptions/00000000-0000-0000-0000-000000000000/resourceGroups/org-iaas-biz-rg/providers/Microsoft.Compute/virtualMachines/org-iaas-biz-app-vm1/extensions/IaaSAntimalware","resourceType":"Microsoft.Compute/virtualMachines/extensions","resourceName":"org-iaas-biz-app-vm1/IaaSAntimalware"},{"id":"/subscriptions/00000000-0000-0000-0000-000000000000/resourceGroups/org-iaas-biz-rg/providers/Microsoft.Compute/virtualMachines/org-iaas-biz-app-vm1/extensions/IaaSDiagnostics","resourceType":"Microsoft.Compute/virtualMachines/extensions","resourceName":"org-iaas-biz-app-vm1/IaaSDiagnostics"},{"id":"/subscriptions/00000000-0000-0000-0000-000000000000/resourceGroups/org-iaas-biz-rg/providers/Microsoft.Compute/virtualMachines/org-iaas-biz-app-vm1/extensions/NetworkWatcher","resourceType":"Microsoft.Compute/virtualMachines/extensions","resourceName":"org-iaas-biz-app-vm1/NetworkWatcher"},{"id":"/subscriptions/00000000-0000-0000-0000-000000000000/resourceGroups/org-iaas-biz-rg/providers/Microsoft.Compute/virtualMachines/org-iaas-biz-app-vm1/extensions/AzureDiskEncryption","resourceType":"Microsoft.Compute/virtualMachines/extensions","resourceName":"org-iaas-biz-app-vm1/AzureDiskEncryption"},{"id":"/subscriptions/00000000-0000-0000-0000-000000000000/resourceGroups/org-iaas-biz-rg/providers/Microsoft.Compute/virtualMachines/org-iaas-biz-app-vm2","resourceType":"Microsoft.Compute/virtualMachines","resourceName":"org-iaas-biz-app-vm2"},{"id":"/subscriptions/00000000-0000-0000-0000-000000000000/resourceGroups/org-iaas-biz-rg/providers/Microsoft.Compute/virtualMachines/org-iaas-biz-app-vm2/extensions/OMSExtension","resourceType":"Microsoft.Compute/virtualMachines/extensions","resourceName":"org-iaas-biz-app-vm2/OMSExtension"},{"id":"/subscriptions/00000000-0000-0000-0000-000000000000/resourceGroups/org-iaas-biz-rg/providers/Microsoft.Compute/virtualMachines/org-iaas-biz-app-vm2/extensions/DSCSetupIISAndJoinDomain","resourceType":"Microsoft.Compute/virtualMachines/extensions","resourceName":"org-iaas-biz-app-vm2/DSCSetupIISAndJoinDomain"},{"id":"/subscriptions/00000000-0000-0000-0000-000000000000/resourceGroups/org-iaas-biz-rg/providers/Microsoft.Compute/virtualMachines/org-iaas-biz-app-vm2/extensions/IaaSAntimalware","resourceType":"Microsoft.Compute/virtualMachines/extensions","resourceName":"org-iaas-biz-app-vm2/IaaSAntimalware"},{"id":"/subscriptions/00000000-0000-0000-0000-000000000000/resourceGroups/org-iaas-biz-rg/providers/Microsoft.Compute/virtualMachines/org-iaas-biz-app-vm2/extensions/IaaSDiagnostics","resourceType":"Microsoft.Compute/virtualMachines/extensions","resourceName":"org-iaas-biz-app-vm2/IaaSDiagnostics"},{"id":"/subscriptions/00000000-0000-0000-0000-000000000000/resourceGroups/org-iaas-biz-rg/providers/Microsoft.Compute/virtualMachines/org-iaas-biz-app-vm2/extensions/NetworkWatcher","resourceType":"Microsoft.Compute/virtualMachines/extensions","resourceName":"org-iaas-biz-app-vm2/NetworkWatcher"},{"id":"/subscriptions/00000000-0000-0000-0000-000000000000/resourceGroups/org-iaas-biz-rg/providers/Microsoft.Compute/virtualMachines/org-iaas-biz-app-vm2/extensions/AzureDiskEncryption","resourceType":"Microsoft.Compute/virtualMachines/extensions","resourceName":"org-iaas-biz-app-vm2/AzureDiskEncryption"}],"id":"/subscriptions/00000000-0000-0000-0000-000000000000/resourceGroups/org-iaas-biz-rg/providers/Microsoft.Resources/deployments/vm2NestedDeploymentInstallIIS","resourceType":"Microsoft.Resources/deployments","resourceName":"vm2NestedDeploymentInstallIIS"}],"outputs":{"app-ilb-ip-address":{"type":"String","value":"10.4.2.16"}},"outputResources":[{"id":"/subscriptions/00000000-0000-0000-0000-000000000000/resourceGroups/org-iaas-biz-rg/providers/Microsoft.Compute/availabilitySets/biz-app-as"},{"id":"/subscriptions/00000000-0000-0000-0000-000000000000/resourceGroups/org-iaas-biz-rg/providers/Microsoft.Compute/virtualMachines/org-iaas-biz-app-vm1"},{"id":"/subscriptions/00000000-0000-0000-0000-000000000000/resourceGroups/org-iaas-biz-rg/providers/Microsoft.Compute/virtualMachines/org-iaas-biz-app-vm1/extensions/AzureDiskEncryption"},{"id":"/subscriptions/00000000-0000-0000-0000-000000000000/resourceGroups/org-iaas-biz-rg/providers/Microsoft.Compute/virtualMachines/org-iaas-biz-app-vm1/extensions/DSCSetupIISAndJoinDomain"},{"id":"/subscriptions/00000000-0000-0000-0000-000000000000/resourceGroups/org-iaas-biz-rg/providers/Microsoft.Compute/virtualMachines/org-iaas-biz-app-vm1/extensions/IaaSAntimalware"},{"id":"/subscriptions/00000000-0000-0000-0000-000000000000/resourceGroups/org-iaas-biz-rg/providers/Microsoft.Compute/virtualMachines/org-iaas-biz-app-vm1/extensions/IaaSDiagnostics"},{"id":"/subscriptions/00000000-0000-0000-0000-000000000000/resourceGroups/org-iaas-biz-rg/providers/Microsoft.Compute/virtualMachines/org-iaas-biz-app-vm1/extensions/NetworkWatcher"},{"id":"/subscriptions/00000000-0000-0000-0000-000000000000/resourceGroups/org-iaas-biz-rg/providers/Microsoft.Compute/virtualMachines/org-iaas-biz-app-vm1/extensions/OMSExtension"},{"id":"/subscriptions/00000000-0000-0000-0000-000000000000/resourceGroups/org-iaas-biz-rg/providers/Microsoft.Compute/virtualMachines/org-iaas-biz-app-vm2"},{"id":"/subscriptions/00000000-0000-0000-0000-000000000000/resourceGroups/org-iaas-biz-rg/providers/Microsoft.Compute/virtualMachines/org-iaas-biz-app-vm2/extensions/AzureDiskEncryption"},{"id":"/subscriptions/00000000-0000-0000-0000-000000000000/resourceGroups/org-iaas-biz-rg/providers/Microsoft.Compute/virtualMachines/org-iaas-biz-app-vm2/extensions/DSCSetupIISAndJoinDomain"},{"id":"/subscriptions/00000000-0000-0000-0000-000000000000/resourceGroups/org-iaas-biz-rg/providers/Microsoft.Compute/virtualMachines/org-iaas-biz-app-vm2/extensions/IaaSAntimalware"},{"id":"/subscriptions/00000000-0000-0000-0000-000000000000/resourceGroups/org-iaas-biz-rg/providers/Microsoft.Compute/virtualMachines/org-iaas-biz-app-vm2/extensions/IaaSDiagnostics"},{"id":"/subscriptions/00000000-0000-0000-0000-000000000000/resourceGroups/org-iaas-biz-rg/providers/Microsoft.Compute/virtualMachines/org-iaas-biz-app-vm2/extensions/NetworkWatcher"},{"id":"/subscriptions/00000000-0000-0000-0000-000000000000/resourceGroups/org-iaas-biz-rg/providers/Microsoft.Compute/virtualMachines/org-iaas-biz-app-vm2/extensions/OMSExtension"},{"id":"/subscriptions/00000000-0000-0000-0000-000000000000/resourceGroups/org-iaas-biz-rg/providers/Microsoft.Network/loadBalancers/org-iaas-biz-app-lb"},{"id":"/subscriptions/00000000-0000-0000-0000-000000000000/resourceGroups/org-iaas-biz-rg/providers/Microsoft.Network/networkInterfaces/org-iaas-biz-app-vm1-nic"},{"id":"/subscriptions/00000000-0000-0000-0000-000000000000/resourceGroups/org-iaas-biz-rg/providers/Microsoft.Network/networkInterfaces/org-iaas-biz-app-vm2-nic"},{"id":"/subscriptions/00000000-0000-0000-0000-000000000000/resourceGroups/org-iaas-biz-rg/providers/Microsoft.Storage/storageAccounts/bizappdiagk6gbmoac2gk2i"}]}}'}
    headers:
      cache-control: [no-cache]
      content-length: ['41170']
      content-type: [application/json; charset=utf-8]
      date: ['Sat, 12 Jan 2019 19:56:39 GMT']
      expires: ['-1']
      pragma: [no-cache]
      strict-transport-security: [max-age=31536000; includeSubDomains]
      vary: [Accept-Encoding]
      x-content-type-options: [nosniff]
    status: {code: 200, message: OK}
- request:
    body: null
    headers:
      Connection: [keep-alive]
      User-Agent: [Azure-Storage/1.4.0-1.3.1 (Python CPython 3.6.4; Linux 4.9.125-linuxkit)]
      x-ms-date: ['Sat, 12 Jan 2019 19:56:40 GMT']
      x-ms-version: ['2018-03-28']
    method: GET
    uri: https://storage.blob.core.windows.net/output?restype=container
  response:
    body: {string: ''}
    headers:
      date: ['Sat, 12 Jan 2019 19:56:40 GMT']
      etag: ['"0x8D6785457412265"']
      last-modified: ['Sat, 12 Jan 2019 06:08:15 GMT']
      server: [Windows-Azure-Blob/1.0 Microsoft-HTTPAPI/2.0]
      transfer-encoding: [chunked]
      x-ms-has-immutability-policy: ['false']
      x-ms-has-legal-hold: ['false']
      x-ms-lease-state: [available]
      x-ms-lease-status: [unlocked]
      x-ms-version: ['2018-03-28']
    status: {code: 200, message: OK}
- request:
    body: '{"app-ilb-ip-address": { "value": "10.4.2.16"}}'
    headers:
      Connection: [keep-alive]
      Content-Length: ['47']
      User-Agent: [Azure-Storage/1.4.0-1.3.1 (Python CPython 3.6.4; Linux 4.9.125-linuxkit)]
      x-ms-blob-type: [BlockBlob]
      x-ms-date: ['Sat, 12 Jan 2019 19:56:41 GMT']
      x-ms-version: ['2018-03-28']
    method: PUT
    uri: https://storage.blob.core.windows.net/output/org-workload-iaas/parameters/vmapp-biz-lb/azureDeploy.parameters.output.json
  response:
    body: {string: ''}
    headers:
      content-md5: [yKCmD3TBOLdv702xDLxw0Q==]
      date: ['Sat, 12 Jan 2019 19:56:40 GMT']
      etag: ['"0x8D678C8121F3FC3"']
      last-modified: ['Sat, 12 Jan 2019 19:56:41 GMT']
      server: [Windows-Azure-Blob/1.0 Microsoft-HTTPAPI/2.0]
      transfer-encoding: [chunked]
      x-ms-request-server-encrypted: ['true']
      x-ms-version: ['2018-03-28']
    status: {code: 201, message: Created}
version: 1
